---------------------------------------------------------------
[ 2018-10-22T00:22:32+08:00 ] 172.16.4.84 47.98.104.88 GET /
[ sql ] [ DB ] CONNECT:[ UseTime:0.000821s ] mysql:dbname=hymaster;host=localhost;port=3306;charset=utf8mb4
[ sql ] [ SQL ] SHOW COLUMNS FROM `hy_hook_plugin` [ RunTime:0.006070s ]
[ sql ] [ SQL ] SELECT `hook`,`plugin` FROM `hy_hook_plugin` WHERE  `status` = 1 ORDER BY list_order ASC [ RunTime:0.000383s ]
[ sql ] [ SQL ] SHOW COLUMNS FROM `hy_option` [ RunTime:0.000874s ]
[ sql ] [ SQL ] SELECT `option_value` FROM `hy_option` WHERE  `option_name` = 'cdn_settings' LIMIT 1 [ RunTime:0.000227s ]
[ sql ] [ SQL ] SHOW COLUMNS FROM `hy_theme_file` [ RunTime:0.000629s ]
[ sql ] [ SQL ] SELECT `more` FROM `hy_theme_file` WHERE  `theme` = 'simpleboot3'  AND (  `is_public` = 1 OR `file` = 'portal/index' ) [ RunTime:0.000295s ]
---------------------------------------------------------------
[ 2018-10-22T02:36:50+08:00 ] 172.16.4.84 62.210.77.198 POST /
[ sql ] [ DB ] CONNECT:[ UseTime:0.000641s ] mysql:dbname=hymaster;host=localhost;port=3306;charset=utf8mb4
[ sql ] [ SQL ] SHOW COLUMNS FROM `hy_hook_plugin` [ RunTime:0.000654s ]
[ sql ] [ SQL ] SELECT `hook`,`plugin` FROM `hy_hook_plugin` WHERE  `status` = 1 ORDER BY list_order ASC [ RunTime:0.000249s ]
[ sql ] [ SQL ] SHOW COLUMNS FROM `hy_option` [ RunTime:0.000534s ]
[ sql ] [ SQL ] SELECT `option_value` FROM `hy_option` WHERE  `option_name` = 'cdn_settings' LIMIT 1 [ RunTime:0.000194s ]
[ sql ] [ SQL ] SHOW COLUMNS FROM `hy_theme_file` [ RunTime:0.000552s ]
[ sql ] [ SQL ] SELECT `more` FROM `hy_theme_file` WHERE  `theme` = 'simpleboot3'  AND (  `is_public` = 1 OR `file` = 'portal/index' ) [ RunTime:0.000267s ]
---------------------------------------------------------------
[ 2018-10-22T02:43:53+08:00 ] 172.16.4.84 203.208.60.126 GET /portal/article/index/id/50/cid/2.html
[ sql ] [ DB ] CONNECT:[ UseTime:0.000719s ] mysql:dbname=hymaster;host=localhost;port=3306;charset=utf8mb4
[ sql ] [ SQL ] SHOW COLUMNS FROM `hy_hook_plugin` [ RunTime:0.000675s ]
[ sql ] [ SQL ] SELECT `hook`,`plugin` FROM `hy_hook_plugin` WHERE  `status` = 1 ORDER BY list_order ASC [ RunTime:0.000259s ]
[ sql ] [ SQL ] SHOW COLUMNS FROM `hy_option` [ RunTime:0.000504s ]
[ sql ] [ SQL ] SELECT `option_value` FROM `hy_option` WHERE  `option_name` = 'cdn_settings' LIMIT 1 [ RunTime:0.000217s ]
[ sql ] [ SQL ] SHOW COLUMNS FROM `hy_portal_post` [ RunTime:0.000884s ]
[ sql ] [ SQL ] SELECT `post`.* FROM `hy_portal_post` `post` INNER JOIN `hy_portal_category_post` `relation` ON `post`.`id`=`relation`.`post_id` WHERE  `post`.`post_type` = 1  AND ( `post`.`published_time` <  '1540147433' AND `post`.`published_time` >  '0' )  AND `post`.`post_status` = 1  AND `post`.`delete_time` = 0  AND `relation`.`category_id` = '2'  AND `relation`.`post_id` = '50' LIMIT 1 [ RunTime:0.000651s ]
[ sql ] [ SQL ] SHOW COLUMNS FROM `hy_portal_category` [ RunTime:0.000574s ]
[ sql ] [ SQL ] SELECT * FROM `hy_portal_category` WHERE  `id` = 2  AND `status` = 1 LIMIT 1 [ RunTime:0.000238s ]
[ sql ] [ SQL ] UPDATE `hy_portal_post`  SET `post_hits`=post_hits+1  WHERE  `id` = 50 [ RunTime:0.002175s ]
[ sql ] [ SQL ] SELECT `post`.* FROM `hy_portal_post` `post` INNER JOIN `hy_portal_category_post` `relation` ON `post`.`id`=`relation`.`post_id` WHERE  `post`.`post_type` = 1  AND ( `post`.`published_time` <  '1540147433' AND `post`.`published_time` >  '0' )  AND `post`.`post_status` = 1  AND `post`.`delete_time` = 0  AND `relation`.`category_id` = '2'  AND `post`.`create_time` < null ORDER BY post.create_time DESC LIMIT 1 [ RunTime:0.000315s ]
[ sql ] [ SQL ] SELECT `post`.* FROM `hy_portal_post` `post` INNER JOIN `hy_portal_category_post` `relation` ON `post`.`id`=`relation`.`post_id` WHERE  `post`.`post_type` = 1  AND ( `post`.`published_time` <  '1540147433' AND `post`.`published_time` >  '0' )  AND `post`.`post_status` = 1  AND `post`.`delete_time` = 0  AND `relation`.`category_id` = '2'  AND `post`.`create_time` > null ORDER BY `post`.`create_time` LIMIT 1 [ RunTime:0.000258s ]
[ sql ] [ SQL ] SHOW COLUMNS FROM `hy_theme_file` [ RunTime:0.000451s ]
[ sql ] [ SQL ] SELECT `more` FROM `hy_theme_file` WHERE  `theme` = 'simpleboot3'  AND (  `is_public` = 1 OR `file` = 'portal/article' ) [ RunTime:0.000201s ]
---------------------------------------------------------------
[ 2018-10-22T02:44:21+08:00 ] 172.16.4.84 203.208.60.11 GET /themes/simpleboot3Public/assets/js/qrcode.min.js
[ sql ] [ DB ] CONNECT:[ UseTime:0.000709s ] mysql:dbname=hymaster;host=localhost;port=3306;charset=utf8mb4
[ sql ] [ SQL ] SHOW COLUMNS FROM `hy_hook_plugin` [ RunTime:0.000647s ]
[ sql ] [ SQL ] SELECT `hook`,`plugin` FROM `hy_hook_plugin` WHERE  `status` = 1 ORDER BY list_order ASC [ RunTime:0.000246s ]
---------------------------------------------------------------
[ 2018-10-22T03:03:55+08:00 ] 172.16.4.84 203.208.60.84 GET /
[ sql ] [ DB ] CONNECT:[ UseTime:0.000637s ] mysql:dbname=hymaster;host=localhost;port=3306;charset=utf8mb4
[ sql ] [ SQL ] SHOW COLUMNS FROM `hy_hook_plugin` [ RunTime:0.000620s ]
[ sql ] [ SQL ] SELECT `hook`,`plugin` FROM `hy_hook_plugin` WHERE  `status` = 1 ORDER BY list_order ASC [ RunTime:0.000225s ]
[ sql ] [ SQL ] SHOW COLUMNS FROM `hy_option` [ RunTime:0.000492s ]
[ sql ] [ SQL ] SELECT `option_value` FROM `hy_option` WHERE  `option_name` = 'cdn_settings' LIMIT 1 [ RunTime:0.000177s ]
[ sql ] [ SQL ] SHOW COLUMNS FROM `hy_theme_file` [ RunTime:0.000481s ]
[ sql ] [ SQL ] SELECT `more` FROM `hy_theme_file` WHERE  `theme` = 'simpleboot3'  AND (  `is_public` = 1 OR `file` = 'portal/index' ) [ RunTime:0.000233s ]
---------------------------------------------------------------
[ 2018-10-22T03:08:55+08:00 ] 172.16.4.84 42.236.12.170 GET /
[ sql ] [ DB ] CONNECT:[ UseTime:0.000708s ] mysql:dbname=hymaster;host=localhost;port=3306;charset=utf8mb4
[ sql ] [ SQL ] SHOW COLUMNS FROM `hy_hook_plugin` [ RunTime:0.000637s ]
[ sql ] [ SQL ] SELECT `hook`,`plugin` FROM `hy_hook_plugin` WHERE  `status` = 1 ORDER BY list_order ASC [ RunTime:0.000253s ]
[ sql ] [ SQL ] SHOW COLUMNS FROM `hy_option` [ RunTime:0.000496s ]
[ sql ] [ SQL ] SELECT `option_value` FROM `hy_option` WHERE  `option_name` = 'cdn_settings' LIMIT 1 [ RunTime:0.000187s ]
[ sql ] [ SQL ] SHOW COLUMNS FROM `hy_theme_file` [ RunTime:0.000571s ]
[ sql ] [ SQL ] SELECT `more` FROM `hy_theme_file` WHERE  `theme` = 'simpleboot3'  AND (  `is_public` = 1 OR `file` = 'portal/index' ) [ RunTime:0.000232s ]
---------------------------------------------------------------
[ 2018-10-22T05:04:04+08:00 ] 172.16.4.84 218.92.225.159 GET /ckfinder/ckfinder.js
[ sql ] [ DB ] CONNECT:[ UseTime:0.000658s ] mysql:dbname=hymaster;host=localhost;port=3306;charset=utf8mb4
[ sql ] [ SQL ] SHOW COLUMNS FROM `hy_hook_plugin` [ RunTime:0.000624s ]
[ sql ] [ SQL ] SELECT `hook`,`plugin` FROM `hy_hook_plugin` WHERE  `status` = 1 ORDER BY list_order ASC [ RunTime:0.000258s ]
---------------------------------------------------------------
[ 2018-10-22T05:04:05+08:00 ] 172.16.4.84 218.92.225.159 GET /Public/ckfinder/ckfinder.js
[ sql ] [ DB ] CONNECT:[ UseTime:0.000641s ] mysql:dbname=hymaster;host=localhost;port=3306;charset=utf8mb4
[ sql ] [ SQL ] SHOW COLUMNS FROM `hy_hook_plugin` [ RunTime:0.000596s ]
[ sql ] [ SQL ] SELECT `hook`,`plugin` FROM `hy_hook_plugin` WHERE  `status` = 1 ORDER BY list_order ASC [ RunTime:0.000238s ]
---------------------------------------------------------------
[ 2018-10-22T05:04:07+08:00 ] 172.16.4.84 218.92.225.159 GET /admin/ckfinder/ckfinder.js
[ sql ] [ DB ] CONNECT:[ UseTime:0.000683s ] mysql:dbname=hymaster;host=localhost;port=3306;charset=utf8mb4
[ sql ] [ SQL ] SHOW COLUMNS FROM `hy_hook_plugin` [ RunTime:0.000687s ]
[ sql ] [ SQL ] SELECT `hook`,`plugin` FROM `hy_hook_plugin` WHERE  `status` = 1 ORDER BY list_order ASC [ RunTime:0.000263s ]
---------------------------------------------------------------
[ 2018-10-22T05:04:08+08:00 ] 172.16.4.84 218.92.225.159 GET /editor/ckfinder/ckfinder.js
[ sql ] [ DB ] CONNECT:[ UseTime:0.000638s ] mysql:dbname=hymaster;host=localhost;port=3306;charset=utf8mb4
[ sql ] [ SQL ] SHOW COLUMNS FROM `hy_hook_plugin` [ RunTime:0.000625s ]
[ sql ] [ SQL ] SELECT `hook`,`plugin` FROM `hy_hook_plugin` WHERE  `status` = 1 ORDER BY list_order ASC [ RunTime:0.000265s ]
---------------------------------------------------------------
[ 2018-10-22T05:04:08+08:00 ] 172.16.4.84 218.92.225.159 GET /js/ckfinder/ckfinder.js
[ sql ] [ DB ] CONNECT:[ UseTime:0.000616s ] mysql:dbname=hymaster;host=localhost;port=3306;charset=utf8mb4
[ sql ] [ SQL ] SHOW COLUMNS FROM `hy_hook_plugin` [ RunTime:0.000651s ]
[ sql ] [ SQL ] SELECT `hook`,`plugin` FROM `hy_hook_plugin` WHERE  `status` = 1 ORDER BY list_order ASC [ RunTime:0.000220s ]
---------------------------------------------------------------
[ 2018-10-22T05:04:10+08:00 ] 172.16.4.84 218.92.225.159 GET /public/ckfinder/ckfinder.js
[ sql ] [ DB ] CONNECT:[ UseTime:0.000694s ] mysql:dbname=hymaster;host=localhost;port=3306;charset=utf8mb4
[ sql ] [ SQL ] SHOW COLUMNS FROM `hy_hook_plugin` [ RunTime:0.000637s ]
[ sql ] [ SQL ] SELECT `hook`,`plugin` FROM `hy_hook_plugin` WHERE  `status` = 1 ORDER BY list_order ASC [ RunTime:0.000215s ]
---------------------------------------------------------------
[ 2018-10-22T05:04:10+08:00 ] 172.16.4.84 218.92.225.159 GET /include/ckfinder/ckfinder.js
[ sql ] [ DB ] CONNECT:[ UseTime:0.000592s ] mysql:dbname=hymaster;host=localhost;port=3306;charset=utf8mb4
[ sql ] [ SQL ] SHOW COLUMNS FROM `hy_hook_plugin` [ RunTime:0.000616s ]
[ sql ] [ SQL ] SELECT `hook`,`plugin` FROM `hy_hook_plugin` WHERE  `status` = 1 ORDER BY list_order ASC [ RunTime:0.000269s ]
---------------------------------------------------------------
[ 2018-10-22T05:04:12+08:00 ] 172.16.4.84 218.92.225.159 GET /admin/js/ckfinder/ckfinder.js
[ sql ] [ DB ] CONNECT:[ UseTime:0.000652s ] mysql:dbname=hymaster;host=localhost;port=3306;charset=utf8mb4
[ sql ] [ SQL ] SHOW COLUMNS FROM `hy_hook_plugin` [ RunTime:0.000620s ]
[ sql ] [ SQL ] SELECT `hook`,`plugin` FROM `hy_hook_plugin` WHERE  `status` = 1 ORDER BY list_order ASC [ RunTime:0.000232s ]
---------------------------------------------------------------
[ 2018-10-22T05:04:13+08:00 ] 172.16.4.84 218.92.225.159 GET /scripts/ckfinder/ckfinder.js
[ sql ] [ DB ] CONNECT:[ UseTime:0.000605s ] mysql:dbname=hymaster;host=localhost;port=3306;charset=utf8mb4
[ sql ] [ SQL ] SHOW COLUMNS FROM `hy_hook_plugin` [ RunTime:0.000574s ]
[ sql ] [ SQL ] SELECT `hook`,`plugin` FROM `hy_hook_plugin` WHERE  `status` = 1 ORDER BY list_order ASC [ RunTime:0.000209s ]
---------------------------------------------------------------
[ 2018-10-22T05:04:14+08:00 ] 172.16.4.84 218.92.225.159 GET /static/js/ckfinder/ckfinder.js
[ sql ] [ DB ] CONNECT:[ UseTime:0.000598s ] mysql:dbname=hymaster;host=localhost;port=3306;charset=utf8mb4
[ sql ] [ SQL ] SHOW COLUMNS FROM `hy_hook_plugin` [ RunTime:0.000606s ]
[ sql ] [ SQL ] SELECT `hook`,`plugin` FROM `hy_hook_plugin` WHERE  `status` = 1 ORDER BY list_order ASC [ RunTime:0.000209s ]
---------------------------------------------------------------
[ 2018-10-22T05:04:16+08:00 ] 172.16.4.84 218.92.225.159 GET /tools/ckfinder/ckfinder.js
[ sql ] [ DB ] CONNECT:[ UseTime:0.000616s ] mysql:dbname=hymaster;host=localhost;port=3306;charset=utf8mb4
[ sql ] [ SQL ] SHOW COLUMNS FROM `hy_hook_plugin` [ RunTime:0.000632s ]
[ sql ] [ SQL ] SELECT `hook`,`plugin` FROM `hy_hook_plugin` WHERE  `status` = 1 ORDER BY list_order ASC [ RunTime:0.000247s ]
---------------------------------------------------------------
[ 2018-10-22T05:04:17+08:00 ] 172.16.4.84 218.92.225.159 GET /manage/ckfinder/ckfinder.js
[ sql ] [ DB ] CONNECT:[ UseTime:0.000615s ] mysql:dbname=hymaster;host=localhost;port=3306;charset=utf8mb4
[ sql ] [ SQL ] SHOW COLUMNS FROM `hy_hook_plugin` [ RunTime:0.000621s ]
[ sql ] [ SQL ] SELECT `hook`,`plugin` FROM `hy_hook_plugin` WHERE  `status` = 1 ORDER BY list_order ASC [ RunTime:0.000235s ]
---------------------------------------------------------------
[ 2018-10-22T05:04:18+08:00 ] 172.16.4.84 218.92.225.159 GET /common/ckfinder/ckfinder.js
[ sql ] [ DB ] CONNECT:[ UseTime:0.000578s ] mysql:dbname=hymaster;host=localhost;port=3306;charset=utf8mb4
[ sql ] [ SQL ] SHOW COLUMNS FROM `hy_hook_plugin` [ RunTime:0.000592s ]
[ sql ] [ SQL ] SELECT `hook`,`plugin` FROM `hy_hook_plugin` WHERE  `status` = 1 ORDER BY list_order ASC [ RunTime:0.000247s ]
---------------------------------------------------------------
[ 2018-10-22T05:04:20+08:00 ] 172.16.4.84 218.92.225.159 GET /includes/ckfinder/ckfinder.js
[ sql ] [ DB ] CONNECT:[ UseTime:0.000620s ] mysql:dbname=hymaster;host=localhost;port=3306;charset=utf8mb4
[ sql ] [ SQL ] SHOW COLUMNS FROM `hy_hook_plugin` [ RunTime:0.000584s ]
[ sql ] [ SQL ] SELECT `hook`,`plugin` FROM `hy_hook_plugin` WHERE  `status` = 1 ORDER BY list_order ASC [ RunTime:0.000229s ]
---------------------------------------------------------------
[ 2018-10-22T05:04:21+08:00 ] 172.16.4.84 218.92.225.159 GET /plugin/ckfinder/ckfinder.js
[ sql ] [ DB ] CONNECT:[ UseTime:0.000589s ] mysql:dbname=hymaster;host=localhost;port=3306;charset=utf8mb4
[ sql ] [ SQL ] SHOW COLUMNS FROM `hy_hook_plugin` [ RunTime:0.000614s ]
[ sql ] [ SQL ] SELECT `hook`,`plugin` FROM `hy_hook_plugin` WHERE  `status` = 1 ORDER BY list_order ASC [ RunTime:0.000224s ]
[ sql ] [ SQL ] SHOW COLUMNS FROM `hy_option` [ RunTime:0.000453s ]
[ sql ] [ SQL ] SELECT `option_value` FROM `hy_option` WHERE  `option_name` = 'cdn_settings' LIMIT 1 [ RunTime:0.000177s ]
[ error ] [-1]Class plugins\ckfinder\controller\Ckfinder.jsController does not exist
---------------------------------------------------------------
[ 2018-10-22T05:04:22+08:00 ] 172.16.4.84 218.92.225.159 GET /system/ckfinder/ckfinder.js
[ sql ] [ DB ] CONNECT:[ UseTime:0.000586s ] mysql:dbname=hymaster;host=localhost;port=3306;charset=utf8mb4
[ sql ] [ SQL ] SHOW COLUMNS FROM `hy_hook_plugin` [ RunTime:0.000613s ]
[ sql ] [ SQL ] SELECT `hook`,`plugin` FROM `hy_hook_plugin` WHERE  `status` = 1 ORDER BY list_order ASC [ RunTime:0.000217s ]
---------------------------------------------------------------
[ 2018-10-22T05:04:23+08:00 ] 172.16.4.84 218.92.225.159 GET /_admin/ckfinder/ckfinder.js
[ sql ] [ DB ] CONNECT:[ UseTime:0.000672s ] mysql:dbname=hymaster;host=localhost;port=3306;charset=utf8mb4
[ sql ] [ SQL ] SHOW COLUMNS FROM `hy_hook_plugin` [ RunTime:0.000583s ]
[ sql ] [ SQL ] SELECT `hook`,`plugin` FROM `hy_hook_plugin` WHERE  `status` = 1 ORDER BY list_order ASC [ RunTime:0.000212s ]
---------------------------------------------------------------
[ 2018-10-22T05:04:25+08:00 ] 172.16.4.84 218.92.225.159 GET /sysadmin/ckfinder/ckfinder.js
[ sql ] [ DB ] CONNECT:[ UseTime:0.000579s ] mysql:dbname=hymaster;host=localhost;port=3306;charset=utf8mb4
[ sql ] [ SQL ] SHOW COLUMNS FROM `hy_hook_plugin` [ RunTime:0.000581s ]
[ sql ] [ SQL ] SELECT `hook`,`plugin` FROM `hy_hook_plugin` WHERE  `status` = 1 ORDER BY list_order ASC [ RunTime:0.000244s ]
---------------------------------------------------------------
[ 2018-10-22T05:04:26+08:00 ] 172.16.4.84 218.92.225.159 GET /webadmin/ckfinder/ckfinder.js
[ sql ] [ DB ] CONNECT:[ UseTime:0.000595s ] mysql:dbname=hymaster;host=localhost;port=3306;charset=utf8mb4
[ sql ] [ SQL ] SHOW COLUMNS FROM `hy_hook_plugin` [ RunTime:0.000594s ]
[ sql ] [ SQL ] SELECT `hook`,`plugin` FROM `hy_hook_plugin` WHERE  `status` = 1 ORDER BY list_order ASC [ RunTime:0.000247s ]
---------------------------------------------------------------
[ 2018-10-22T05:04:27+08:00 ] 172.16.4.84 218.92.225.159 GET /lib/ckfinder/ckfinder.js
[ sql ] [ DB ] CONNECT:[ UseTime:0.000573s ] mysql:dbname=hymaster;host=localhost;port=3306;charset=utf8mb4
[ sql ] [ SQL ] SHOW COLUMNS FROM `hy_hook_plugin` [ RunTime:0.000579s ]
[ sql ] [ SQL ] SELECT `hook`,`plugin` FROM `hy_hook_plugin` WHERE  `status` = 1 ORDER BY list_order ASC [ RunTime:0.000220s ]
---------------------------------------------------------------
[ 2018-10-22T05:04:29+08:00 ] 172.16.4.84 218.92.225.159 GET /Public/Js/ckfinder/ckfinder.js
[ sql ] [ DB ] CONNECT:[ UseTime:0.000641s ] mysql:dbname=hymaster;host=localhost;port=3306;charset=utf8mb4
[ sql ] [ SQL ] SHOW COLUMNS FROM `hy_hook_plugin` [ RunTime:0.000639s ]
[ sql ] [ SQL ] SELECT `hook`,`plugin` FROM `hy_hook_plugin` WHERE  `status` = 1 ORDER BY list_order ASC [ RunTime:0.000234s ]
---------------------------------------------------------------
[ 2018-10-22T05:04:29+08:00 ] 172.16.4.84 218.92.225.159 GET /public/js/ckfinder/ckfinder.js
[ sql ] [ DB ] CONNECT:[ UseTime:0.000583s ] mysql:dbname=hymaster;host=localhost;port=3306;charset=utf8mb4
[ sql ] [ SQL ] SHOW COLUMNS FROM `hy_hook_plugin` [ RunTime:0.000584s ]
[ sql ] [ SQL ] SELECT `hook`,`plugin` FROM `hy_hook_plugin` WHERE  `status` = 1 ORDER BY list_order ASC [ RunTime:0.000252s ]
---------------------------------------------------------------
[ 2018-10-22T05:07:32+08:00 ] 172.16.4.84 106.120.173.84 GET /
[ sql ] [ DB ] CONNECT:[ UseTime:0.000585s ] mysql:dbname=hymaster;host=localhost;port=3306;charset=utf8mb4
[ sql ] [ SQL ] SHOW COLUMNS FROM `hy_hook_plugin` [ RunTime:0.000594s ]
[ sql ] [ SQL ] SELECT `hook`,`plugin` FROM `hy_hook_plugin` WHERE  `status` = 1 ORDER BY list_order ASC [ RunTime:0.000234s ]
[ sql ] [ SQL ] SHOW COLUMNS FROM `hy_option` [ RunTime:0.000475s ]
[ sql ] [ SQL ] SELECT `option_value` FROM `hy_option` WHERE  `option_name` = 'cdn_settings' LIMIT 1 [ RunTime:0.000191s ]
[ sql ] [ SQL ] SHOW COLUMNS FROM `hy_theme_file` [ RunTime:0.000504s ]
[ sql ] [ SQL ] SELECT `more` FROM `hy_theme_file` WHERE  `theme` = 'simpleboot3'  AND (  `is_public` = 1 OR `file` = 'portal/index' ) [ RunTime:0.000262s ]
---------------------------------------------------------------
[ 2018-10-22T05:07:42+08:00 ] 172.16.4.84 106.120.173.84 GET /portal/article/index/id/17/cid/7.html
[ sql ] [ DB ] CONNECT:[ UseTime:0.000596s ] mysql:dbname=hymaster;host=localhost;port=3306;charset=utf8mb4
[ sql ] [ SQL ] SHOW COLUMNS FROM `hy_hook_plugin` [ RunTime:0.000600s ]
[ sql ] [ SQL ] SELECT `hook`,`plugin` FROM `hy_hook_plugin` WHERE  `status` = 1 ORDER BY list_order ASC [ RunTime:0.000230s ]
[ sql ] [ SQL ] SHOW COLUMNS FROM `hy_option` [ RunTime:0.000503s ]
[ sql ] [ SQL ] SELECT `option_value` FROM `hy_option` WHERE  `option_name` = 'cdn_settings' LIMIT 1 [ RunTime:0.000177s ]
[ sql ] [ SQL ] SHOW COLUMNS FROM `hy_portal_post` [ RunTime:0.000567s ]
[ sql ] [ SQL ] SELECT `post`.* FROM `hy_portal_post` `post` INNER JOIN `hy_portal_category_post` `relation` ON `post`.`id`=`relation`.`post_id` WHERE  `post`.`post_type` = 1  AND ( `post`.`published_time` <  '1540156062' AND `post`.`published_time` >  '0' )  AND `post`.`post_status` = 1  AND `post`.`delete_time` = 0  AND `relation`.`category_id` = '7'  AND `relation`.`post_id` = '17' LIMIT 1 [ RunTime:0.000483s ]
[ sql ] [ SQL ] SHOW COLUMNS FROM `hy_portal_category` [ RunTime:0.000469s ]
[ sql ] [ SQL ] SELECT * FROM `hy_portal_category` WHERE  `id` = 7  AND `status` = 1 LIMIT 1 [ RunTime:0.000204s ]
[ sql ] [ SQL ] UPDATE `hy_portal_post`  SET `post_hits`=post_hits+1  WHERE  `id` = 17 [ RunTime:0.003766s ]
[ sql ] [ SQL ] SELECT `post`.* FROM `hy_portal_post` `post` INNER JOIN `hy_portal_category_post` `relation` ON `post`.`id`=`relation`.`post_id` WHERE  `post`.`post_type` = 1  AND ( `post`.`published_time` <  '1540156062' AND `post`.`published_time` >  '0' )  AND `post`.`post_status` = 1  AND `post`.`delete_time` = 0  AND `relation`.`category_id` = '7'  AND `post`.`create_time` < 1501744025 ORDER BY post.create_time DESC LIMIT 1 [ RunTime:0.000479s ]
[ sql ] [ SQL ] SELECT `post`.* FROM `hy_portal_post` `post` INNER JOIN `hy_portal_category_post` `relation` ON `post`.`id`=`relation`.`post_id` WHERE  `post`.`post_type` = 1  AND ( `post`.`published_time` <  '1540156062' AND `post`.`published_time` >  '0' )  AND `post`.`post_status` = 1  AND `post`.`delete_time` = 0  AND `relation`.`category_id` = '7'  AND `post`.`create_time` > 1501744025 ORDER BY `post`.`create_time` LIMIT 1 [ RunTime:0.000320s ]
[ sql ] [ SQL ] SHOW COLUMNS FROM `hy_theme_file` [ RunTime:0.000451s ]
[ sql ] [ SQL ] SELECT `more` FROM `hy_theme_file` WHERE  `theme` = 'simpleboot3'  AND (  `is_public` = 1 OR `file` = 'portal/article' ) [ RunTime:0.000196s ]
[ sql ] [ SQL ] SELECT `option_value` FROM `hy_option` WHERE  `option_name` = 'storage' LIMIT 1 [ RunTime:0.000274s ]
---------------------------------------------------------------
[ 2018-10-22T05:07:52+08:00 ] 172.16.4.84 106.120.173.84 GET /user/index/logout.html
[ sql ] [ DB ] CONNECT:[ UseTime:0.000558s ] mysql:dbname=hymaster;host=localhost;port=3306;charset=utf8mb4
[ sql ] [ SQL ] SHOW COLUMNS FROM `hy_hook_plugin` [ RunTime:0.000553s ]
[ sql ] [ SQL ] SELECT `hook`,`plugin` FROM `hy_hook_plugin` WHERE  `status` = 1 ORDER BY list_order ASC [ RunTime:0.000237s ]
[ sql ] [ SQL ] SHOW COLUMNS FROM `hy_option` [ RunTime:0.000407s ]
[ sql ] [ SQL ] SELECT `option_value` FROM `hy_option` WHERE  `option_name` = 'cdn_settings' LIMIT 1 [ RunTime:0.000177s ]
---------------------------------------------------------------
[ 2018-10-22T05:08:02+08:00 ] 172.16.4.84 106.120.173.84 GET /user/join/index.html
[ sql ] [ DB ] CONNECT:[ UseTime:0.000610s ] mysql:dbname=hymaster;host=localhost;port=3306;charset=utf8mb4
[ sql ] [ SQL ] SHOW COLUMNS FROM `hy_hook_plugin` [ RunTime:0.000556s ]
[ sql ] [ SQL ] SELECT `hook`,`plugin` FROM `hy_hook_plugin` WHERE  `status` = 1 ORDER BY list_order ASC [ RunTime:0.000225s ]
[ sql ] [ SQL ] SHOW COLUMNS FROM `hy_option` [ RunTime:0.000504s ]
[ sql ] [ SQL ] SELECT `option_value` FROM `hy_option` WHERE  `option_name` = 'cdn_settings' LIMIT 1 [ RunTime:0.000166s ]
---------------------------------------------------------------
[ 2018-10-22T05:08:12+08:00 ] 172.16.4.84 106.120.173.84 GET /portal/article/index/id/43/cid/6.html
[ sql ] [ DB ] CONNECT:[ UseTime:0.000595s ] mysql:dbname=hymaster;host=localhost;port=3306;charset=utf8mb4
[ sql ] [ SQL ] SHOW COLUMNS FROM `hy_hook_plugin` [ RunTime:0.000620s ]
[ sql ] [ SQL ] SELECT `hook`,`plugin` FROM `hy_hook_plugin` WHERE  `status` = 1 ORDER BY list_order ASC [ RunTime:0.000221s ]
[ sql ] [ SQL ] SHOW COLUMNS FROM `hy_option` [ RunTime:0.000467s ]
[ sql ] [ SQL ] SELECT `option_value` FROM `hy_option` WHERE  `option_name` = 'cdn_settings' LIMIT 1 [ RunTime:0.000185s ]
[ sql ] [ SQL ] SHOW COLUMNS FROM `hy_portal_post` [ RunTime:0.000527s ]
[ sql ] [ SQL ] SELECT `post`.* FROM `hy_portal_post` `post` INNER JOIN `hy_portal_category_post` `relation` ON `post`.`id`=`relation`.`post_id` WHERE  `post`.`post_type` = 1  AND ( `post`.`published_time` <  '1540156092' AND `post`.`published_time` >  '0' )  AND `post`.`post_status` = 1  AND `post`.`delete_time` = 0  AND `relation`.`category_id` = '6'  AND `relation`.`post_id` = '43' LIMIT 1 [ RunTime:0.000401s ]
[ sql ] [ SQL ] SHOW COLUMNS FROM `hy_portal_category` [ RunTime:0.000477s ]
[ sql ] [ SQL ] SELECT * FROM `hy_portal_category` WHERE  `id` = 6  AND `status` = 1 LIMIT 1 [ RunTime:0.000231s ]
[ sql ] [ SQL ] UPDATE `hy_portal_post`  SET `post_hits`=post_hits+1  WHERE  `id` = 43 [ RunTime:0.002371s ]
[ sql ] [ SQL ] SELECT `post`.* FROM `hy_portal_post` `post` INNER JOIN `hy_portal_category_post` `relation` ON `post`.`id`=`relation`.`post_id` WHERE  `post`.`post_type` = 1  AND ( `post`.`published_time` <  '1540156092' AND `post`.`published_time` >  '0' )  AND `post`.`post_status` = 1  AND `post`.`delete_time` = 0  AND `relation`.`category_id` = '6'  AND `post`.`create_time` < null ORDER BY post.create_time DESC LIMIT 1 [ RunTime:0.000323s ]
[ sql ] [ SQL ] SELECT `post`.* FROM `hy_portal_post` `post` INNER JOIN `hy_portal_category_post` `relation` ON `post`.`id`=`relation`.`post_id` WHERE  `post`.`post_type` = 1  AND ( `post`.`published_time` <  '1540156092' AND `post`.`published_time` >  '0' )  AND `post`.`post_status` = 1  AND `post`.`delete_time` = 0  AND `relation`.`category_id` = '6'  AND `post`.`create_time` > null ORDER BY `post`.`create_time` LIMIT 1 [ RunTime:0.000319s ]
[ sql ] [ SQL ] SHOW COLUMNS FROM `hy_theme_file` [ RunTime:0.000427s ]
[ sql ] [ SQL ] SELECT `more` FROM `hy_theme_file` WHERE  `theme` = 'simpleboot3'  AND (  `is_public` = 1 OR `file` = 'portal/article' ) [ RunTime:0.000255s ]
---------------------------------------------------------------
[ 2018-10-22T05:08:22+08:00 ] 172.16.4.84 106.120.173.84 GET /user/profile/center.html
[ sql ] [ DB ] CONNECT:[ UseTime:0.000577s ] mysql:dbname=hymaster;host=localhost;port=3306;charset=utf8mb4
[ sql ] [ SQL ] SHOW COLUMNS FROM `hy_hook_plugin` [ RunTime:0.000614s ]
[ sql ] [ SQL ] SELECT `hook`,`plugin` FROM `hy_hook_plugin` WHERE  `status` = 1 ORDER BY list_order ASC [ RunTime:0.000212s ]
[ sql ] [ SQL ] SHOW COLUMNS FROM `hy_option` [ RunTime:0.000511s ]
[ sql ] [ SQL ] SELECT `option_value` FROM `hy_option` WHERE  `option_name` = 'cdn_settings' LIMIT 1 [ RunTime:0.000184s ]
---------------------------------------------------------------
[ 2018-10-22T05:08:32+08:00 ] 172.16.4.84 106.120.173.84 GET /portal/article/index/id/25/cid/2.html
[ sql ] [ DB ] CONNECT:[ UseTime:0.000554s ] mysql:dbname=hymaster;host=localhost;port=3306;charset=utf8mb4
[ sql ] [ SQL ] SHOW COLUMNS FROM `hy_hook_plugin` [ RunTime:0.000570s ]
[ sql ] [ SQL ] SELECT `hook`,`plugin` FROM `hy_hook_plugin` WHERE  `status` = 1 ORDER BY list_order ASC [ RunTime:0.000230s ]
[ sql ] [ SQL ] SHOW COLUMNS FROM `hy_option` [ RunTime:0.000491s ]
[ sql ] [ SQL ] SELECT `option_value` FROM `hy_option` WHERE  `option_name` = 'cdn_settings' LIMIT 1 [ RunTime:0.000171s ]
[ sql ] [ SQL ] SHOW COLUMNS FROM `hy_portal_post` [ RunTime:0.000528s ]
[ sql ] [ SQL ] SELECT `post`.* FROM `hy_portal_post` `post` INNER JOIN `hy_portal_category_post` `relation` ON `post`.`id`=`relation`.`post_id` WHERE  `post`.`post_type` = 1  AND ( `post`.`published_time` <  '1540156112' AND `post`.`published_time` >  '0' )  AND `post`.`post_status` = 1  AND `post`.`delete_time` = 0  AND `relation`.`category_id` = '2'  AND `relation`.`post_id` = '25' LIMIT 1 [ RunTime:0.000451s ]
[ sql ] [ SQL ] SHOW COLUMNS FROM `hy_portal_category` [ RunTime:0.000401s ]
[ sql ] [ SQL ] SELECT * FROM `hy_portal_category` WHERE  `id` = 2  AND `status` = 1 LIMIT 1 [ RunTime:0.000206s ]
[ sql ] [ SQL ] UPDATE `hy_portal_post`  SET `post_hits`=post_hits+1  WHERE  `id` = 25 [ RunTime:0.003398s ]
[ sql ] [ SQL ] SELECT `post`.* FROM `hy_portal_post` `post` INNER JOIN `hy_portal_category_post` `relation` ON `post`.`id`=`relation`.`post_id` WHERE  `post`.`post_type` = 1  AND ( `post`.`published_time` <  '1540156112' AND `post`.`published_time` >  '0' )  AND `post`.`post_status` = 1  AND `post`.`delete_time` = 0  AND `relation`.`category_id` = '2'  AND `post`.`create_time` < 1539937304 ORDER BY post.create_time DESC LIMIT 1 [ RunTime:0.000570s ]
[ sql ] [ SQL ] SELECT `post`.* FROM `hy_portal_post` `post` INNER JOIN `hy_portal_category_post` `relation` ON `post`.`id`=`relation`.`post_id` WHERE  `post`.`post_type` = 1  AND ( `post`.`published_time` <  '1540156112' AND `post`.`published_time` >  '0' )  AND `post`.`post_status` = 1  AND `post`.`delete_time` = 0  AND `relation`.`category_id` = '2'  AND `post`.`create_time` > 1539937304 ORDER BY `post`.`create_time` LIMIT 1 [ RunTime:0.000326s ]
[ sql ] [ SQL ] SHOW COLUMNS FROM `hy_theme_file` [ RunTime:0.000420s ]
[ sql ] [ SQL ] SELECT `more` FROM `hy_theme_file` WHERE  `theme` = 'simpleboot3'  AND (  `is_public` = 1 OR `file` = 'portal/article' ) [ RunTime:0.000193s ]
[ sql ] [ SQL ] SELECT `option_value` FROM `hy_option` WHERE  `option_name` = 'storage' LIMIT 1 [ RunTime:0.000212s ]
---------------------------------------------------------------
[ 2018-10-22T05:53:53+08:00 ] 172.16.4.84 203.208.60.90 GET /portal/list/listsub/id/1.html
[ sql ] [ DB ] CONNECT:[ UseTime:0.000609s ] mysql:dbname=hymaster;host=localhost;port=3306;charset=utf8mb4
[ sql ] [ SQL ] SHOW COLUMNS FROM `hy_hook_plugin` [ RunTime:0.000604s ]
[ sql ] [ SQL ] SELECT `hook`,`plugin` FROM `hy_hook_plugin` WHERE  `status` = 1 ORDER BY list_order ASC [ RunTime:0.000245s ]
[ sql ] [ SQL ] SHOW COLUMNS FROM `hy_option` [ RunTime:0.000416s ]
[ sql ] [ SQL ] SELECT `option_value` FROM `hy_option` WHERE  `option_name` = 'cdn_settings' LIMIT 1 [ RunTime:0.000193s ]
[ sql ] [ SQL ] SHOW COLUMNS FROM `hy_portal_category` [ RunTime:0.000526s ]
[ sql ] [ SQL ] SELECT * FROM `hy_portal_category` WHERE  `id` = 1  AND `status` = 1 LIMIT 1 [ RunTime:0.000241s ]
[ sql ] [ SQL ] SELECT * FROM `hy_portal_category` WHERE  `parent_id` = 1  AND `status` = 1 [ RunTime:0.000205s ]
[ sql ] [ SQL ] SHOW COLUMNS FROM `hy_theme_file` [ RunTime:0.000390s ]
[ sql ] [ SQL ] SELECT `more` FROM `hy_theme_file` WHERE  `theme` = 'simpleboot3'  AND (  `is_public` = 1 OR `file` = 'portal/listsub' ) [ RunTime:0.000211s ]
[ sql ] [ SQL ] SHOW COLUMNS FROM `hy_portal_post` [ RunTime:0.000515s ]
[ sql ] [ SQL ] SELECT COUNT(*) AS tp_count FROM `hy_portal_post` `post` INNER JOIN `hy_user` `user` ON `post`.`user_id`=`user`.`id` INNER JOIN `hy_portal_category_post` `category_post` ON `post`.`id`=`category_post`.`post_id` WHERE  ( `post`.`published_time` >  '0' AND `post`.`published_time` < 1540158833 )  AND `post`.`post_status` = 1  AND `post`.`post_type` = 1  AND `post`.`delete_time` = 0  AND `category_post`.`category_id` = '2'  AND `post`.`create_time` >= 0 LIMIT 1 [ RunTime:0.000928s ]
[ sql ] [ SQL ] SELECT `post`.*,`user`.`user_login`,`user`.`user_nickname`,`user`.`user_email`,`category_post`.`category_id` FROM `hy_portal_post` `post` INNER JOIN `hy_user` `user` ON `post`.`user_id`=`user`.`id` INNER JOIN `hy_portal_category_post` `category_post` ON `post`.`id`=`category_post`.`post_id` WHERE  ( `post`.`published_time` >  '0' AND `post`.`published_time` < 1540158833 )  AND `post`.`post_status` = 1  AND `post`.`post_type` = 1  AND `post`.`delete_time` = 0  AND `category_post`.`category_id` = '2'  AND `post`.`create_time` >= 0 ORDER BY post.published_time DESC LIMIT 0,4 [ RunTime:0.000733s ]
[ sql ] [ SQL ] SELECT `option_value` FROM `hy_option` WHERE  `option_name` = 'storage' LIMIT 1 [ RunTime:0.000189s ]
[ sql ] [ SQL ] SELECT COUNT(*) AS tp_count FROM `hy_portal_post` `post` INNER JOIN `hy_user` `user` ON `post`.`user_id`=`user`.`id` INNER JOIN `hy_portal_category_post` `category_post` ON `post`.`id`=`category_post`.`post_id` WHERE  ( `post`.`published_time` >  '0' AND `post`.`published_time` < 1540158833 )  AND `post`.`post_status` = 1  AND `post`.`post_type` = 1  AND `post`.`delete_time` = 0  AND `category_post`.`category_id` = '4'  AND `post`.`create_time` >= 0 LIMIT 1 [ RunTime:0.000320s ]
[ sql ] [ SQL ] SELECT `post`.*,`user`.`user_login`,`user`.`user_nickname`,`user`.`user_email`,`category_post`.`category_id` FROM `hy_portal_post` `post` INNER JOIN `hy_user` `user` ON `post`.`user_id`=`user`.`id` INNER JOIN `hy_portal_category_post` `category_post` ON `post`.`id`=`category_post`.`post_id` WHERE  ( `post`.`published_time` >  '0' AND `post`.`published_time` < 1540158833 )  AND `post`.`post_status` = 1  AND `post`.`post_type` = 1  AND `post`.`delete_time` = 0  AND `category_post`.`category_id` = '4'  AND `post`.`create_time` >= 0 ORDER BY post.published_time DESC LIMIT 0,4 [ RunTime:0.000676s ]
[ sql ] [ SQL ] SELECT COUNT(*) AS tp_count FROM `hy_portal_post` `post` INNER JOIN `hy_user` `user` ON `post`.`user_id`=`user`.`id` INNER JOIN `hy_portal_category_post` `category_post` ON `post`.`id`=`category_post`.`post_id` WHERE  ( `post`.`published_time` >  '0' AND `post`.`published_time` < 1540158833 )  AND `post`.`post_status` = 1  AND `post`.`post_type` = 1  AND `post`.`delete_time` = 0  AND `category_post`.`category_id` = '6'  AND `post`.`create_time` >= 0 LIMIT 1 [ RunTime:0.000279s ]
[ sql ] [ SQL ] SELECT `post`.*,`user`.`user_login`,`user`.`user_nickname`,`user`.`user_email`,`category_post`.`category_id` FROM `hy_portal_post` `post` INNER JOIN `hy_user` `user` ON `post`.`user_id`=`user`.`id` INNER JOIN `hy_portal_category_post` `category_post` ON `post`.`id`=`category_post`.`post_id` WHERE  ( `post`.`published_time` >  '0' AND `post`.`published_time` < 1540158833 )  AND `post`.`post_status` = 1  AND `post`.`post_type` = 1  AND `post`.`delete_time` = 0  AND `category_post`.`category_id` = '6'  AND `post`.`create_time` >= 0 ORDER BY post.published_time DESC LIMIT 0,4 [ RunTime:0.000508s ]
[ sql ] [ SQL ] SELECT COUNT(*) AS tp_count FROM `hy_portal_post` `post` INNER JOIN `hy_user` `user` ON `post`.`user_id`=`user`.`id` INNER JOIN `hy_portal_category_post` `category_post` ON `post`.`id`=`category_post`.`post_id` WHERE  ( `post`.`published_time` >  '0' AND `post`.`published_time` < 1540158833 )  AND `post`.`post_status` = 1  AND `post`.`post_type` = 1  AND `post`.`delete_time` = 0  AND `category_post`.`category_id` = '7'  AND `post`.`create_time` >= 0 LIMIT 1 [ RunTime:0.000547s ]
[ sql ] [ SQL ] SELECT `post`.*,`user`.`user_login`,`user`.`user_nickname`,`user`.`user_email`,`category_post`.`category_id` FROM `hy_portal_post` `post` INNER JOIN `hy_user` `user` ON `post`.`user_id`=`user`.`id` INNER JOIN `hy_portal_category_post` `category_post` ON `post`.`id`=`category_post`.`post_id` WHERE  ( `post`.`published_time` >  '0' AND `post`.`published_time` < 1540158833 )  AND `post`.`post_status` = 1  AND `post`.`post_type` = 1  AND `post`.`delete_time` = 0  AND `category_post`.`category_id` = '7'  AND `post`.`create_time` >= 0 ORDER BY post.published_time DESC LIMIT 0,4 [ RunTime:0.000707s ]
---------------------------------------------------------------
[ 2018-10-22T06:15:06+08:00 ] 172.16.4.84 220.181.108.171 GET /portal/article/index/id/34/cid/7.html
[ sql ] [ DB ] CONNECT:[ UseTime:0.000593s ] mysql:dbname=hymaster;host=localhost;port=3306;charset=utf8mb4
[ sql ] [ SQL ] SHOW COLUMNS FROM `hy_hook_plugin` [ RunTime:0.000612s ]
[ sql ] [ SQL ] SELECT `hook`,`plugin` FROM `hy_hook_plugin` WHERE  `status` = 1 ORDER BY list_order ASC [ RunTime:0.000242s ]
[ sql ] [ SQL ] SHOW COLUMNS FROM `hy_option` [ RunTime:0.000474s ]
[ sql ] [ SQL ] SELECT `option_value` FROM `hy_option` WHERE  `option_name` = 'cdn_settings' LIMIT 1 [ RunTime:0.000188s ]
[ sql ] [ SQL ] SHOW COLUMNS FROM `hy_portal_post` [ RunTime:0.000637s ]
[ sql ] [ SQL ] SELECT `post`.* FROM `hy_portal_post` `post` INNER JOIN `hy_portal_category_post` `relation` ON `post`.`id`=`relation`.`post_id` WHERE  `post`.`post_type` = 1  AND ( `post`.`published_time` <  '1540160106' AND `post`.`published_time` >  '0' )  AND `post`.`post_status` = 1  AND `post`.`delete_time` = 0  AND `relation`.`category_id` = '7'  AND `relation`.`post_id` = '34' LIMIT 1 [ RunTime:0.000405s ]
[ sql ] [ SQL ] SHOW COLUMNS FROM `hy_portal_category` [ RunTime:0.000410s ]
[ sql ] [ SQL ] SELECT * FROM `hy_portal_category` WHERE  `id` = 7  AND `status` = 1 LIMIT 1 [ RunTime:0.000216s ]
[ sql ] [ SQL ] UPDATE `hy_portal_post`  SET `post_hits`=post_hits+1  WHERE  `id` = 34 [ RunTime:0.003508s ]
[ sql ] [ SQL ] SELECT `post`.* FROM `hy_portal_post` `post` INNER JOIN `hy_portal_category_post` `relation` ON `post`.`id`=`relation`.`post_id` WHERE  `post`.`post_type` = 1  AND ( `post`.`published_time` <  '1540160106' AND `post`.`published_time` >  '0' )  AND `post`.`post_status` = 1  AND `post`.`delete_time` = 0  AND `relation`.`category_id` = '7'  AND `post`.`create_time` < null ORDER BY post.create_time DESC LIMIT 1 [ RunTime:0.000304s ]
[ sql ] [ SQL ] SELECT `post`.* FROM `hy_portal_post` `post` INNER JOIN `hy_portal_category_post` `relation` ON `post`.`id`=`relation`.`post_id` WHERE  `post`.`post_type` = 1  AND ( `post`.`published_time` <  '1540160106' AND `post`.`published_time` >  '0' )  AND `post`.`post_status` = 1  AND `post`.`delete_time` = 0  AND `relation`.`category_id` = '7'  AND `post`.`create_time` > null ORDER BY `post`.`create_time` LIMIT 1 [ RunTime:0.000253s ]
[ sql ] [ SQL ] SHOW COLUMNS FROM `hy_theme_file` [ RunTime:0.000393s ]
[ sql ] [ SQL ] SELECT `more` FROM `hy_theme_file` WHERE  `theme` = 'simpleboot3'  AND (  `is_public` = 1 OR `file` = 'portal/article' ) [ RunTime:0.000204s ]
---------------------------------------------------------------
[ 2018-10-22T06:15:07+08:00 ] 172.16.4.84 111.206.221.67 GET /themes/simpleboot3Public/assets/js/qrcode.min.js
[ sql ] [ DB ] CONNECT:[ UseTime:0.000638s ] mysql:dbname=hymaster;host=localhost;port=3306;charset=utf8mb4
[ sql ] [ SQL ] SHOW COLUMNS FROM `hy_hook_plugin` [ RunTime:0.000743s ]
[ sql ] [ SQL ] SELECT `hook`,`plugin` FROM `hy_hook_plugin` WHERE  `status` = 1 ORDER BY list_order ASC [ RunTime:0.000269s ]
---------------------------------------------------------------
[ 2018-10-22T06:15:07+08:00 ] 172.16.4.84 111.206.198.78 POST /user/index/islogin.html
[ sql ] [ DB ] CONNECT:[ UseTime:0.000600s ] mysql:dbname=hymaster;host=localhost;port=3306;charset=utf8mb4
[ sql ] [ SQL ] SHOW COLUMNS FROM `hy_hook_plugin` [ RunTime:0.000623s ]
[ sql ] [ SQL ] SELECT `hook`,`plugin` FROM `hy_hook_plugin` WHERE  `status` = 1 ORDER BY list_order ASC [ RunTime:0.000221s ]
[ sql ] [ SQL ] SHOW COLUMNS FROM `hy_option` [ RunTime:0.000453s ]
[ sql ] [ SQL ] SELECT `option_value` FROM `hy_option` WHERE  `option_name` = 'cdn_settings' LIMIT 1 [ RunTime:0.000175s ]
---------------------------------------------------------------
[ 2018-10-22T06:15:08+08:00 ] 172.16.4.84 111.206.198.36 GET /themes/simpleboot3Public/assets/js/qrcode.min.js
[ sql ] [ DB ] CONNECT:[ UseTime:0.000587s ] mysql:dbname=hymaster;host=localhost;port=3306;charset=utf8mb4
[ sql ] [ SQL ] SHOW COLUMNS FROM `hy_hook_plugin` [ RunTime:0.000580s ]
[ sql ] [ SQL ] SELECT `hook`,`plugin` FROM `hy_hook_plugin` WHERE  `status` = 1 ORDER BY list_order ASC [ RunTime:0.000213s ]
---------------------------------------------------------------
[ 2018-10-22T06:15:08+08:00 ] 172.16.4.84 111.206.198.42 POST /user/index/islogin.html
[ sql ] [ DB ] CONNECT:[ UseTime:0.000581s ] mysql:dbname=hymaster;host=localhost;port=3306;charset=utf8mb4
[ sql ] [ SQL ] SHOW COLUMNS FROM `hy_hook_plugin` [ RunTime:0.000555s ]
[ sql ] [ SQL ] SELECT `hook`,`plugin` FROM `hy_hook_plugin` WHERE  `status` = 1 ORDER BY list_order ASC [ RunTime:0.000203s ]
[ sql ] [ SQL ] SHOW COLUMNS FROM `hy_option` [ RunTime:0.000473s ]
[ sql ] [ SQL ] SELECT `option_value` FROM `hy_option` WHERE  `option_name` = 'cdn_settings' LIMIT 1 [ RunTime:0.000193s ]
---------------------------------------------------------------
[ 2018-10-22T06:47:25+08:00 ] 172.16.4.84 101.132.106.40 GET /
[ sql ] [ DB ] CONNECT:[ UseTime:0.000619s ] mysql:dbname=hymaster;host=localhost;port=3306;charset=utf8mb4
[ sql ] [ SQL ] SHOW COLUMNS FROM `hy_hook_plugin` [ RunTime:0.000606s ]
[ sql ] [ SQL ] SELECT `hook`,`plugin` FROM `hy_hook_plugin` WHERE  `status` = 1 ORDER BY list_order ASC [ RunTime:0.000256s ]
[ sql ] [ SQL ] SHOW COLUMNS FROM `hy_option` [ RunTime:0.000537s ]
[ sql ] [ SQL ] SELECT `option_value` FROM `hy_option` WHERE  `option_name` = 'cdn_settings' LIMIT 1 [ RunTime:0.000205s ]
[ sql ] [ SQL ] SHOW COLUMNS FROM `hy_theme_file` [ RunTime:0.000525s ]
[ sql ] [ SQL ] SELECT `more` FROM `hy_theme_file` WHERE  `theme` = 'simpleboot3'  AND (  `is_public` = 1 OR `file` = 'portal/index' ) [ RunTime:0.000278s ]
---------------------------------------------------------------
[ 2018-10-22T07:02:44+08:00 ] 172.16.4.84 220.181.108.120 GET /portal/guide/index.html
[ sql ] [ DB ] CONNECT:[ UseTime:0.000734s ] mysql:dbname=hymaster;host=localhost;port=3306;charset=utf8mb4
[ sql ] [ SQL ] SHOW COLUMNS FROM `hy_hook_plugin` [ RunTime:0.000757s ]
[ sql ] [ SQL ] SELECT `hook`,`plugin` FROM `hy_hook_plugin` WHERE  `status` = 1 ORDER BY list_order ASC [ RunTime:0.000293s ]
[ sql ] [ SQL ] SHOW COLUMNS FROM `hy_option` [ RunTime:0.000567s ]
[ sql ] [ SQL ] SELECT `option_value` FROM `hy_option` WHERE  `option_name` = 'cdn_settings' LIMIT 1 [ RunTime:0.000220s ]
[ sql ] [ SQL ] SHOW COLUMNS FROM `hy_theme_file` [ RunTime:0.000675s ]
[ sql ] [ SQL ] SELECT `more` FROM `hy_theme_file` WHERE  `theme` = 'simpleboot3'  AND (  `is_public` = 1 OR `file` = 'portal/guide/index' ) [ RunTime:0.000287s ]
---------------------------------------------------------------
[ 2018-10-22T07:02:51+08:00 ] 172.16.4.84 123.125.71.69 POST /user/index/islogin.html
[ sql ] [ DB ] CONNECT:[ UseTime:0.000566s ] mysql:dbname=hymaster;host=localhost;port=3306;charset=utf8mb4
[ sql ] [ SQL ] SHOW COLUMNS FROM `hy_hook_plugin` [ RunTime:0.000617s ]
[ sql ] [ SQL ] SELECT `hook`,`plugin` FROM `hy_hook_plugin` WHERE  `status` = 1 ORDER BY list_order ASC [ RunTime:0.000221s ]
[ sql ] [ SQL ] SHOW COLUMNS FROM `hy_option` [ RunTime:0.000450s ]
[ sql ] [ SQL ] SELECT `option_value` FROM `hy_option` WHERE  `option_name` = 'cdn_settings' LIMIT 1 [ RunTime:0.000164s ]
---------------------------------------------------------------
[ 2018-10-22T07:16:22+08:00 ] 172.16.4.84 47.97.192.46 GET /portal/article/index/id/41/cid/4.html
[ sql ] [ DB ] CONNECT:[ UseTime:0.000631s ] mysql:dbname=hymaster;host=localhost;port=3306;charset=utf8mb4
[ sql ] [ SQL ] SHOW COLUMNS FROM `hy_hook_plugin` [ RunTime:0.000638s ]
[ sql ] [ SQL ] SELECT `hook`,`plugin` FROM `hy_hook_plugin` WHERE  `status` = 1 ORDER BY list_order ASC [ RunTime:0.000232s ]
[ sql ] [ SQL ] SHOW COLUMNS FROM `hy_option` [ RunTime:0.000455s ]
[ sql ] [ SQL ] SELECT `option_value` FROM `hy_option` WHERE  `option_name` = 'cdn_settings' LIMIT 1 [ RunTime:0.000206s ]
[ sql ] [ SQL ] SHOW COLUMNS FROM `hy_portal_post` [ RunTime:0.000627s ]
[ sql ] [ SQL ] SELECT `post`.* FROM `hy_portal_post` `post` INNER JOIN `hy_portal_category_post` `relation` ON `post`.`id`=`relation`.`post_id` WHERE  `post`.`post_type` = 1  AND ( `post`.`published_time` <  '1540163782' AND `post`.`published_time` >  '0' )  AND `post`.`post_status` = 1  AND `post`.`delete_time` = 0  AND `relation`.`category_id` = '4'  AND `relation`.`post_id` = '41' LIMIT 1 [ RunTime:0.000423s ]
[ sql ] [ SQL ] SHOW COLUMNS FROM `hy_portal_category` [ RunTime:0.000522s ]
[ sql ] [ SQL ] SELECT * FROM `hy_portal_category` WHERE  `id` = 4  AND `status` = 1 LIMIT 1 [ RunTime:0.000250s ]
[ sql ] [ SQL ] UPDATE `hy_portal_post`  SET `post_hits`=post_hits+1  WHERE  `id` = 41 [ RunTime:0.002140s ]
[ sql ] [ SQL ] SELECT `post`.* FROM `hy_portal_post` `post` INNER JOIN `hy_portal_category_post` `relation` ON `post`.`id`=`relation`.`post_id` WHERE  `post`.`post_type` = 1  AND ( `post`.`published_time` <  '1540163782' AND `post`.`published_time` >  '0' )  AND `post`.`post_status` = 1  AND `post`.`delete_time` = 0  AND `relation`.`category_id` = '4'  AND `post`.`create_time` < null ORDER BY post.create_time DESC LIMIT 1 [ RunTime:0.000326s ]
[ sql ] [ SQL ] SELECT `post`.* FROM `hy_portal_post` `post` INNER JOIN `hy_portal_category_post` `relation` ON `post`.`id`=`relation`.`post_id` WHERE  `post`.`post_type` = 1  AND ( `post`.`published_time` <  '1540163782' AND `post`.`published_time` >  '0' )  AND `post`.`post_status` = 1  AND `post`.`delete_time` = 0  AND `relation`.`category_id` = '4'  AND `post`.`create_time` > null ORDER BY `post`.`create_time` LIMIT 1 [ RunTime:0.000288s ]
[ sql ] [ SQL ] SHOW COLUMNS FROM `hy_theme_file` [ RunTime:0.000425s ]
[ sql ] [ SQL ] SELECT `more` FROM `hy_theme_file` WHERE  `theme` = 'simpleboot3'  AND (  `is_public` = 1 OR `file` = 'portal/article' ) [ RunTime:0.000227s ]
---------------------------------------------------------------
[ 2018-10-22T07:16:34+08:00 ] 172.16.4.84 116.62.215.53 GET /portal/article/index/id/45/cid/4.html
[ sql ] [ DB ] CONNECT:[ UseTime:0.000593s ] mysql:dbname=hymaster;host=localhost;port=3306;charset=utf8mb4
[ sql ] [ SQL ] SHOW COLUMNS FROM `hy_hook_plugin` [ RunTime:0.000613s ]
[ sql ] [ SQL ] SELECT `hook`,`plugin` FROM `hy_hook_plugin` WHERE  `status` = 1 ORDER BY list_order ASC [ RunTime:0.000245s ]
[ sql ] [ SQL ] SHOW COLUMNS FROM `hy_option` [ RunTime:0.000499s ]
[ sql ] [ SQL ] SELECT `option_value` FROM `hy_option` WHERE  `option_name` = 'cdn_settings' LIMIT 1 [ RunTime:0.000169s ]
[ sql ] [ SQL ] SHOW COLUMNS FROM `hy_portal_post` [ RunTime:0.000494s ]
[ sql ] [ SQL ] SELECT `post`.* FROM `hy_portal_post` `post` INNER JOIN `hy_portal_category_post` `relation` ON `post`.`id`=`relation`.`post_id` WHERE  `post`.`post_type` = 1  AND ( `post`.`published_time` <  '1540163794' AND `post`.`published_time` >  '0' )  AND `post`.`post_status` = 1  AND `post`.`delete_time` = 0  AND `relation`.`category_id` = '4'  AND `relation`.`post_id` = '45' LIMIT 1 [ RunTime:0.000359s ]
[ sql ] [ SQL ] SHOW COLUMNS FROM `hy_portal_category` [ RunTime:0.000390s ]
[ sql ] [ SQL ] SELECT * FROM `hy_portal_category` WHERE  `id` = 4  AND `status` = 1 LIMIT 1 [ RunTime:0.000210s ]
[ sql ] [ SQL ] UPDATE `hy_portal_post`  SET `post_hits`=post_hits+1  WHERE  `id` = 45 [ RunTime:0.001997s ]
[ sql ] [ SQL ] SELECT `post`.* FROM `hy_portal_post` `post` INNER JOIN `hy_portal_category_post` `relation` ON `post`.`id`=`relation`.`post_id` WHERE  `post`.`post_type` = 1  AND ( `post`.`published_time` <  '1540163794' AND `post`.`published_time` >  '0' )  AND `post`.`post_status` = 1  AND `post`.`delete_time` = 0  AND `relation`.`category_id` = '4'  AND `post`.`create_time` < null ORDER BY post.create_time DESC LIMIT 1 [ RunTime:0.000280s ]
[ sql ] [ SQL ] SELECT `post`.* FROM `hy_portal_post` `post` INNER JOIN `hy_portal_category_post` `relation` ON `post`.`id`=`relation`.`post_id` WHERE  `post`.`post_type` = 1  AND ( `post`.`published_time` <  '1540163794' AND `post`.`published_time` >  '0' )  AND `post`.`post_status` = 1  AND `post`.`delete_time` = 0  AND `relation`.`category_id` = '4'  AND `post`.`create_time` > null ORDER BY `post`.`create_time` LIMIT 1 [ RunTime:0.000266s ]
[ sql ] [ SQL ] SHOW COLUMNS FROM `hy_theme_file` [ RunTime:0.000374s ]
[ sql ] [ SQL ] SELECT `more` FROM `hy_theme_file` WHERE  `theme` = 'simpleboot3'  AND (  `is_public` = 1 OR `file` = 'portal/article' ) [ RunTime:0.000198s ]
---------------------------------------------------------------
[ 2018-10-22T07:24:44+08:00 ] 172.16.4.84 203.208.60.39 GET /portal/list/listsub/id/1.html
[ sql ] [ DB ] CONNECT:[ UseTime:0.000622s ] mysql:dbname=hymaster;host=localhost;port=3306;charset=utf8mb4
[ sql ] [ SQL ] SHOW COLUMNS FROM `hy_hook_plugin` [ RunTime:0.000584s ]
[ sql ] [ SQL ] SELECT `hook`,`plugin` FROM `hy_hook_plugin` WHERE  `status` = 1 ORDER BY list_order ASC [ RunTime:0.000223s ]
[ sql ] [ SQL ] SHOW COLUMNS FROM `hy_option` [ RunTime:0.000505s ]
[ sql ] [ SQL ] SELECT `option_value` FROM `hy_option` WHERE  `option_name` = 'cdn_settings' LIMIT 1 [ RunTime:0.000175s ]
[ sql ] [ SQL ] SHOW COLUMNS FROM `hy_portal_category` [ RunTime:0.000512s ]
[ sql ] [ SQL ] SELECT * FROM `hy_portal_category` WHERE  `id` = 1  AND `status` = 1 LIMIT 1 [ RunTime:0.000258s ]
[ sql ] [ SQL ] SELECT * FROM `hy_portal_category` WHERE  `parent_id` = 1  AND `status` = 1 [ RunTime:0.000206s ]
[ sql ] [ SQL ] SHOW COLUMNS FROM `hy_theme_file` [ RunTime:0.000438s ]
[ sql ] [ SQL ] SELECT `more` FROM `hy_theme_file` WHERE  `theme` = 'simpleboot3'  AND (  `is_public` = 1 OR `file` = 'portal/listsub' ) [ RunTime:0.000199s ]
[ sql ] [ SQL ] SHOW COLUMNS FROM `hy_portal_post` [ RunTime:0.000659s ]
[ sql ] [ SQL ] SELECT COUNT(*) AS tp_count FROM `hy_portal_post` `post` INNER JOIN `hy_user` `user` ON `post`.`user_id`=`user`.`id` INNER JOIN `hy_portal_category_post` `category_post` ON `post`.`id`=`category_post`.`post_id` WHERE  ( `post`.`published_time` >  '0' AND `post`.`published_time` < 1540164284 )  AND `post`.`post_status` = 1  AND `post`.`post_type` = 1  AND `post`.`delete_time` = 0  AND `category_post`.`category_id` = '2'  AND `post`.`create_time` >= 0 LIMIT 1 [ RunTime:0.000554s ]
[ sql ] [ SQL ] SELECT `post`.*,`user`.`user_login`,`user`.`user_nickname`,`user`.`user_email`,`category_post`.`category_id` FROM `hy_portal_post` `post` INNER JOIN `hy_user` `user` ON `post`.`user_id`=`user`.`id` INNER JOIN `hy_portal_category_post` `category_post` ON `post`.`id`=`category_post`.`post_id` WHERE  ( `post`.`published_time` >  '0' AND `post`.`published_time` < 1540164284 )  AND `post`.`post_status` = 1  AND `post`.`post_type` = 1  AND `post`.`delete_time` = 0  AND `category_post`.`category_id` = '2'  AND `post`.`create_time` >= 0 ORDER BY post.published_time DESC LIMIT 0,4 [ RunTime:0.000677s ]
[ sql ] [ SQL ] SELECT `option_value` FROM `hy_option` WHERE  `option_name` = 'storage' LIMIT 1 [ RunTime:0.000157s ]
[ sql ] [ SQL ] SELECT COUNT(*) AS tp_count FROM `hy_portal_post` `post` INNER JOIN `hy_user` `user` ON `post`.`user_id`=`user`.`id` INNER JOIN `hy_portal_category_post` `category_post` ON `post`.`id`=`category_post`.`post_id` WHERE  ( `post`.`published_time` >  '0' AND `post`.`published_time` < 1540164284 )  AND `post`.`post_status` = 1  AND `post`.`post_type` = 1  AND `post`.`delete_time` = 0  AND `category_post`.`category_id` = '4'  AND `post`.`create_time` >= 0 LIMIT 1 [ RunTime:0.000333s ]
[ sql ] [ SQL ] SELECT `post`.*,`user`.`user_login`,`user`.`user_nickname`,`user`.`user_email`,`category_post`.`category_id` FROM `hy_portal_post` `post` INNER JOIN `hy_user` `user` ON `post`.`user_id`=`user`.`id` INNER JOIN `hy_portal_category_post` `category_post` ON `post`.`id`=`category_post`.`post_id` WHERE  ( `post`.`published_time` >  '0' AND `post`.`published_time` < 1540164284 )  AND `post`.`post_status` = 1  AND `post`.`post_type` = 1  AND `post`.`delete_time` = 0  AND `category_post`.`category_id` = '4'  AND `post`.`create_time` >= 0 ORDER BY post.published_time DESC LIMIT 0,4 [ RunTime:0.000609s ]
[ sql ] [ SQL ] SELECT COUNT(*) AS tp_count FROM `hy_portal_post` `post` INNER JOIN `hy_user` `user` ON `post`.`user_id`=`user`.`id` INNER JOIN `hy_portal_category_post` `category_post` ON `post`.`id`=`category_post`.`post_id` WHERE  ( `post`.`published_time` >  '0' AND `post`.`published_time` < 1540164284 )  AND `post`.`post_status` = 1  AND `post`.`post_type` = 1  AND `post`.`delete_time` = 0  AND `category_post`.`category_id` = '6'  AND `post`.`create_time` >= 0 LIMIT 1 [ RunTime:0.000300s ]
[ sql ] [ SQL ] SELECT `post`.*,`user`.`user_login`,`user`.`user_nickname`,`user`.`user_email`,`category_post`.`category_id` FROM `hy_portal_post` `post` INNER JOIN `hy_user` `user` ON `post`.`user_id`=`user`.`id` INNER JOIN `hy_portal_category_post` `category_post` ON `post`.`id`=`category_post`.`post_id` WHERE  ( `post`.`published_time` >  '0' AND `post`.`published_time` < 1540164284 )  AND `post`.`post_status` = 1  AND `post`.`post_type` = 1  AND `post`.`delete_time` = 0  AND `category_post`.`category_id` = '6'  AND `post`.`create_time` >= 0 ORDER BY post.published_time DESC LIMIT 0,4 [ RunTime:0.000493s ]
[ sql ] [ SQL ] SELECT COUNT(*) AS tp_count FROM `hy_portal_post` `post` INNER JOIN `hy_user` `user` ON `post`.`user_id`=`user`.`id` INNER JOIN `hy_portal_category_post` `category_post` ON `post`.`id`=`category_post`.`post_id` WHERE  ( `post`.`published_time` >  '0' AND `post`.`published_time` < 1540164284 )  AND `post`.`post_status` = 1  AND `post`.`post_type` = 1  AND `post`.`delete_time` = 0  AND `category_post`.`category_id` = '7'  AND `post`.`create_time` >= 0 LIMIT 1 [ RunTime:0.000516s ]
[ sql ] [ SQL ] SELECT `post`.*,`user`.`user_login`,`user`.`user_nickname`,`user`.`user_email`,`category_post`.`category_id` FROM `hy_portal_post` `post` INNER JOIN `hy_user` `user` ON `post`.`user_id`=`user`.`id` INNER JOIN `hy_portal_category_post` `category_post` ON `post`.`id`=`category_post`.`post_id` WHERE  ( `post`.`published_time` >  '0' AND `post`.`published_time` < 1540164284 )  AND `post`.`post_status` = 1  AND `post`.`post_type` = 1  AND `post`.`delete_time` = 0  AND `category_post`.`category_id` = '7'  AND `post`.`create_time` >= 0 ORDER BY post.published_time DESC LIMIT 0,4 [ RunTime:0.000653s ]
---------------------------------------------------------------
[ 2018-10-22T07:31:33+08:00 ] 172.16.4.84 101.132.182.68 GET /portal/list/index/id/2.html
[ sql ] [ DB ] CONNECT:[ UseTime:0.000574s ] mysql:dbname=hymaster;host=localhost;port=3306;charset=utf8mb4
[ sql ] [ SQL ] SHOW COLUMNS FROM `hy_hook_plugin` [ RunTime:0.000594s ]
[ sql ] [ SQL ] SELECT `hook`,`plugin` FROM `hy_hook_plugin` WHERE  `status` = 1 ORDER BY list_order ASC [ RunTime:0.000216s ]
[ sql ] [ SQL ] SHOW COLUMNS FROM `hy_option` [ RunTime:0.000411s ]
[ sql ] [ SQL ] SELECT `option_value` FROM `hy_option` WHERE  `option_name` = 'cdn_settings' LIMIT 1 [ RunTime:0.000210s ]
[ sql ] [ SQL ] SHOW COLUMNS FROM `hy_portal_category` [ RunTime:0.000591s ]
[ sql ] [ SQL ] SELECT * FROM `hy_portal_category` WHERE  `id` = 2  AND `status` = 1 LIMIT 1 [ RunTime:0.000283s ]
[ sql ] [ SQL ] SHOW COLUMNS FROM `hy_theme_file` [ RunTime:0.000458s ]
[ sql ] [ SQL ] SELECT `more` FROM `hy_theme_file` WHERE  `theme` = 'simpleboot3'  AND (  `is_public` = 1 OR `file` = 'portal/list' ) [ RunTime:0.000202s ]
[ sql ] [ SQL ] SHOW COLUMNS FROM `hy_portal_post` [ RunTime:0.000507s ]
[ sql ] [ SQL ] SELECT COUNT(*) AS tp_count FROM `hy_portal_post` `post` INNER JOIN `hy_user` `user` ON `post`.`user_id`=`user`.`id` INNER JOIN `hy_portal_category_post` `category_post` ON `post`.`id`=`category_post`.`post_id` WHERE  ( `post`.`published_time` >  '0' AND `post`.`published_time` < 1540164693 )  AND `post`.`post_status` = 1  AND `post`.`post_type` = 1  AND `post`.`delete_time` = 0  AND `category_post`.`category_id` = '2'  AND `post`.`create_time` >= 0 LIMIT 1 [ RunTime:0.000584s ]
[ sql ] [ SQL ] SELECT `post`.*,`user`.`user_login`,`user`.`user_nickname`,`user`.`user_email`,`category_post`.`category_id` FROM `hy_portal_post` `post` INNER JOIN `hy_user` `user` ON `post`.`user_id`=`user`.`id` INNER JOIN `hy_portal_category_post` `category_post` ON `post`.`id`=`category_post`.`post_id` WHERE  ( `post`.`published_time` >  '0' AND `post`.`published_time` < 1540164693 )  AND `post`.`post_status` = 1  AND `post`.`post_type` = 1  AND `post`.`delete_time` = 0  AND `category_post`.`category_id` = '2'  AND `post`.`create_time` >= 0 ORDER BY post.published_time DESC LIMIT 0,10 [ RunTime:0.000683s ]
[ sql ] [ SQL ] SELECT `option_value` FROM `hy_option` WHERE  `option_name` = 'storage' LIMIT 1 [ RunTime:0.000167s ]
---------------------------------------------------------------
[ 2018-10-22T07:46:47+08:00 ] 172.16.4.84 47.98.97.81 GET /portal/article/index/id/37/cid/4.html
[ sql ] [ DB ] CONNECT:[ UseTime:0.000577s ] mysql:dbname=hymaster;host=localhost;port=3306;charset=utf8mb4
[ sql ] [ SQL ] SHOW COLUMNS FROM `hy_hook_plugin` [ RunTime:0.000597s ]
[ sql ] [ SQL ] SELECT `hook`,`plugin` FROM `hy_hook_plugin` WHERE  `status` = 1 ORDER BY list_order ASC [ RunTime:0.000217s ]
[ sql ] [ SQL ] SHOW COLUMNS FROM `hy_option` [ RunTime:0.000473s ]
[ sql ] [ SQL ] SELECT `option_value` FROM `hy_option` WHERE  `option_name` = 'cdn_settings' LIMIT 1 [ RunTime:0.000186s ]
[ sql ] [ SQL ] SHOW COLUMNS FROM `hy_portal_post` [ RunTime:0.000520s ]
[ sql ] [ SQL ] SELECT `post`.* FROM `hy_portal_post` `post` INNER JOIN `hy_portal_category_post` `relation` ON `post`.`id`=`relation`.`post_id` WHERE  `post`.`post_type` = 1  AND ( `post`.`published_time` <  '1540165607' AND `post`.`published_time` >  '0' )  AND `post`.`post_status` = 1  AND `post`.`delete_time` = 0  AND `relation`.`category_id` = '4'  AND `relation`.`post_id` = '37' LIMIT 1 [ RunTime:0.000380s ]
[ sql ] [ SQL ] SHOW COLUMNS FROM `hy_portal_category` [ RunTime:0.000449s ]
[ sql ] [ SQL ] SELECT * FROM `hy_portal_category` WHERE  `id` = 4  AND `status` = 1 LIMIT 1 [ RunTime:0.000210s ]
[ sql ] [ SQL ] UPDATE `hy_portal_post`  SET `post_hits`=post_hits+1  WHERE  `id` = 37 [ RunTime:0.003160s ]
[ sql ] [ SQL ] SELECT `post`.* FROM `hy_portal_post` `post` INNER JOIN `hy_portal_category_post` `relation` ON `post`.`id`=`relation`.`post_id` WHERE  `post`.`post_type` = 1  AND ( `post`.`published_time` <  '1540165607' AND `post`.`published_time` >  '0' )  AND `post`.`post_status` = 1  AND `post`.`delete_time` = 0  AND `relation`.`category_id` = '4'  AND `post`.`create_time` < null ORDER BY post.create_time DESC LIMIT 1 [ RunTime:0.000295s ]
[ sql ] [ SQL ] SELECT `post`.* FROM `hy_portal_post` `post` INNER JOIN `hy_portal_category_post` `relation` ON `post`.`id`=`relation`.`post_id` WHERE  `post`.`post_type` = 1  AND ( `post`.`published_time` <  '1540165607' AND `post`.`published_time` >  '0' )  AND `post`.`post_status` = 1  AND `post`.`delete_time` = 0  AND `relation`.`category_id` = '4'  AND `post`.`create_time` > null ORDER BY `post`.`create_time` LIMIT 1 [ RunTime:0.000253s ]
[ sql ] [ SQL ] SHOW COLUMNS FROM `hy_theme_file` [ RunTime:0.000450s ]
[ sql ] [ SQL ] SELECT `more` FROM `hy_theme_file` WHERE  `theme` = 'simpleboot3'  AND (  `is_public` = 1 OR `file` = 'portal/article' ) [ RunTime:0.000199s ]
---------------------------------------------------------------
[ 2018-10-22T08:08:40+08:00 ] 172.16.4.84 47.100.38.232 GET /portal/list/listsub/id/1.html
[ sql ] [ DB ] CONNECT:[ UseTime:0.000603s ] mysql:dbname=hymaster;host=localhost;port=3306;charset=utf8mb4
[ sql ] [ SQL ] SHOW COLUMNS FROM `hy_hook_plugin` [ RunTime:0.000611s ]
[ sql ] [ SQL ] SELECT `hook`,`plugin` FROM `hy_hook_plugin` WHERE  `status` = 1 ORDER BY list_order ASC [ RunTime:0.000298s ]
[ sql ] [ SQL ] SHOW COLUMNS FROM `hy_option` [ RunTime:0.000441s ]
[ sql ] [ SQL ] SELECT `option_value` FROM `hy_option` WHERE  `option_name` = 'cdn_settings' LIMIT 1 [ RunTime:0.000175s ]
[ sql ] [ SQL ] SHOW COLUMNS FROM `hy_portal_category` [ RunTime:0.000546s ]
[ sql ] [ SQL ] SELECT * FROM `hy_portal_category` WHERE  `id` = 1  AND `status` = 1 LIMIT 1 [ RunTime:0.000271s ]
[ sql ] [ SQL ] SELECT * FROM `hy_portal_category` WHERE  `parent_id` = 1  AND `status` = 1 [ RunTime:0.000208s ]
[ sql ] [ SQL ] SHOW COLUMNS FROM `hy_theme_file` [ RunTime:0.000401s ]
[ sql ] [ SQL ] SELECT `more` FROM `hy_theme_file` WHERE  `theme` = 'simpleboot3'  AND (  `is_public` = 1 OR `file` = 'portal/listsub' ) [ RunTime:0.000195s ]
[ sql ] [ SQL ] SHOW COLUMNS FROM `hy_portal_post` [ RunTime:0.000471s ]
[ sql ] [ SQL ] SELECT COUNT(*) AS tp_count FROM `hy_portal_post` `post` INNER JOIN `hy_user` `user` ON `post`.`user_id`=`user`.`id` INNER JOIN `hy_portal_category_post` `category_post` ON `post`.`id`=`category_post`.`post_id` WHERE  ( `post`.`published_time` >  '0' AND `post`.`published_time` < 1540166920 )  AND `post`.`post_status` = 1  AND `post`.`post_type` = 1  AND `post`.`delete_time` = 0  AND `category_post`.`category_id` = '2'  AND `post`.`create_time` >= 0 LIMIT 1 [ RunTime:0.000561s ]
[ sql ] [ SQL ] SELECT `post`.*,`user`.`user_login`,`user`.`user_nickname`,`user`.`user_email`,`category_post`.`category_id` FROM `hy_portal_post` `post` INNER JOIN `hy_user` `user` ON `post`.`user_id`=`user`.`id` INNER JOIN `hy_portal_category_post` `category_post` ON `post`.`id`=`category_post`.`post_id` WHERE  ( `post`.`published_time` >  '0' AND `post`.`published_time` < 1540166920 )  AND `post`.`post_status` = 1  AND `post`.`post_type` = 1  AND `post`.`delete_time` = 0  AND `category_post`.`category_id` = '2'  AND `post`.`create_time` >= 0 ORDER BY post.published_time DESC LIMIT 0,4 [ RunTime:0.000673s ]
[ sql ] [ SQL ] SELECT `option_value` FROM `hy_option` WHERE  `option_name` = 'storage' LIMIT 1 [ RunTime:0.000173s ]
[ sql ] [ SQL ] SELECT COUNT(*) AS tp_count FROM `hy_portal_post` `post` INNER JOIN `hy_user` `user` ON `post`.`user_id`=`user`.`id` INNER JOIN `hy_portal_category_post` `category_post` ON `post`.`id`=`category_post`.`post_id` WHERE  ( `post`.`published_time` >  '0' AND `post`.`published_time` < 1540166920 )  AND `post`.`post_status` = 1  AND `post`.`post_type` = 1  AND `post`.`delete_time` = 0  AND `category_post`.`category_id` = '4'  AND `post`.`create_time` >= 0 LIMIT 1 [ RunTime:0.000323s ]
[ sql ] [ SQL ] SELECT `post`.*,`user`.`user_login`,`user`.`user_nickname`,`user`.`user_email`,`category_post`.`category_id` FROM `hy_portal_post` `post` INNER JOIN `hy_user` `user` ON `post`.`user_id`=`user`.`id` INNER JOIN `hy_portal_category_post` `category_post` ON `post`.`id`=`category_post`.`post_id` WHERE  ( `post`.`published_time` >  '0' AND `post`.`published_time` < 1540166920 )  AND `post`.`post_status` = 1  AND `post`.`post_type` = 1  AND `post`.`delete_time` = 0  AND `category_post`.`category_id` = '4'  AND `post`.`create_time` >= 0 ORDER BY post.published_time DESC LIMIT 0,4 [ RunTime:0.000592s ]
[ sql ] [ SQL ] SELECT COUNT(*) AS tp_count FROM `hy_portal_post` `post` INNER JOIN `hy_user` `user` ON `post`.`user_id`=`user`.`id` INNER JOIN `hy_portal_category_post` `category_post` ON `post`.`id`=`category_post`.`post_id` WHERE  ( `post`.`published_time` >  '0' AND `post`.`published_time` < 1540166920 )  AND `post`.`post_status` = 1  AND `post`.`post_type` = 1  AND `post`.`delete_time` = 0  AND `category_post`.`category_id` = '6'  AND `post`.`create_time` >= 0 LIMIT 1 [ RunTime:0.000282s ]
[ sql ] [ SQL ] SELECT `post`.*,`user`.`user_login`,`user`.`user_nickname`,`user`.`user_email`,`category_post`.`category_id` FROM `hy_portal_post` `post` INNER JOIN `hy_user` `user` ON `post`.`user_id`=`user`.`id` INNER JOIN `hy_portal_category_post` `category_post` ON `post`.`id`=`category_post`.`post_id` WHERE  ( `post`.`published_time` >  '0' AND `post`.`published_time` < 1540166920 )  AND `post`.`post_status` = 1  AND `post`.`post_type` = 1  AND `post`.`delete_time` = 0  AND `category_post`.`category_id` = '6'  AND `post`.`create_time` >= 0 ORDER BY post.published_time DESC LIMIT 0,4 [ RunTime:0.000471s ]
[ sql ] [ SQL ] SELECT COUNT(*) AS tp_count FROM `hy_portal_post` `post` INNER JOIN `hy_user` `user` ON `post`.`user_id`=`user`.`id` INNER JOIN `hy_portal_category_post` `category_post` ON `post`.`id`=`category_post`.`post_id` WHERE  ( `post`.`published_time` >  '0' AND `post`.`published_time` < 1540166920 )  AND `post`.`post_status` = 1  AND `post`.`post_type` = 1  AND `post`.`delete_time` = 0  AND `category_post`.`category_id` = '7'  AND `post`.`create_time` >= 0 LIMIT 1 [ RunTime:0.000511s ]
[ sql ] [ SQL ] SELECT `post`.*,`user`.`user_login`,`user`.`user_nickname`,`user`.`user_email`,`category_post`.`category_id` FROM `hy_portal_post` `post` INNER JOIN `hy_user` `user` ON `post`.`user_id`=`user`.`id` INNER JOIN `hy_portal_category_post` `category_post` ON `post`.`id`=`category_post`.`post_id` WHERE  ( `post`.`published_time` >  '0' AND `post`.`published_time` < 1540166920 )  AND `post`.`post_status` = 1  AND `post`.`post_type` = 1  AND `post`.`delete_time` = 0  AND `category_post`.`category_id` = '7'  AND `post`.`create_time` >= 0 ORDER BY post.published_time DESC LIMIT 0,4 [ RunTime:0.000672s ]
---------------------------------------------------------------
[ 2018-10-22T08:26:20+08:00 ] 172.16.4.84 222.242.208.151 GET /
[ sql ] [ DB ] CONNECT:[ UseTime:0.000649s ] mysql:dbname=hymaster;host=localhost;port=3306;charset=utf8mb4
[ sql ] [ SQL ] SHOW COLUMNS FROM `hy_hook_plugin` [ RunTime:0.000593s ]
[ sql ] [ SQL ] SELECT `hook`,`plugin` FROM `hy_hook_plugin` WHERE  `status` = 1 ORDER BY list_order ASC [ RunTime:0.000235s ]
[ sql ] [ SQL ] SHOW COLUMNS FROM `hy_option` [ RunTime:0.000521s ]
[ sql ] [ SQL ] SELECT `option_value` FROM `hy_option` WHERE  `option_name` = 'cdn_settings' LIMIT 1 [ RunTime:0.000181s ]
[ sql ] [ SQL ] SHOW COLUMNS FROM `hy_theme_file` [ RunTime:0.000495s ]
[ sql ] [ SQL ] SELECT `more` FROM `hy_theme_file` WHERE  `theme` = 'simpleboot3'  AND (  `is_public` = 1 OR `file` = 'portal/index' ) [ RunTime:0.000292s ]
---------------------------------------------------------------
[ 2018-10-22T08:26:20+08:00 ] 172.16.4.84 222.242.208.151 GET /
[ sql ] [ DB ] CONNECT:[ UseTime:0.000586s ] mysql:dbname=hymaster;host=localhost;port=3306;charset=utf8mb4
[ sql ] [ SQL ] SHOW COLUMNS FROM `hy_hook_plugin` [ RunTime:0.000589s ]
[ sql ] [ SQL ] SELECT `hook`,`plugin` FROM `hy_hook_plugin` WHERE  `status` = 1 ORDER BY list_order ASC [ RunTime:0.000204s ]
[ sql ] [ SQL ] SHOW COLUMNS FROM `hy_option` [ RunTime:0.000445s ]
[ sql ] [ SQL ] SELECT `option_value` FROM `hy_option` WHERE  `option_name` = 'cdn_settings' LIMIT 1 [ RunTime:0.000170s ]
[ sql ] [ SQL ] SHOW COLUMNS FROM `hy_theme_file` [ RunTime:0.000417s ]
[ sql ] [ SQL ] SELECT `more` FROM `hy_theme_file` WHERE  `theme` = 'simpleboot3'  AND (  `is_public` = 1 OR `file` = 'portal/index' ) [ RunTime:0.000238s ]
---------------------------------------------------------------
[ 2018-10-22T08:26:21+08:00 ] 172.16.4.84 222.242.208.151 POST /user/index/islogin.html
[ sql ] [ DB ] CONNECT:[ UseTime:0.000799s ] mysql:dbname=hymaster;host=localhost;port=3306;charset=utf8mb4
[ sql ] [ SQL ] SHOW COLUMNS FROM `hy_hook_plugin` [ RunTime:0.000762s ]
[ sql ] [ SQL ] SELECT `hook`,`plugin` FROM `hy_hook_plugin` WHERE  `status` = 1 ORDER BY list_order ASC [ RunTime:0.000309s ]
[ sql ] [ SQL ] SHOW COLUMNS FROM `hy_option` [ RunTime:0.000656s ]
[ sql ] [ SQL ] SELECT `option_value` FROM `hy_option` WHERE  `option_name` = 'cdn_settings' LIMIT 1 [ RunTime:0.000239s ]
---------------------------------------------------------------
[ 2018-10-22T08:26:24+08:00 ] 172.16.4.84 222.242.208.151 GET /admin
[ sql ] [ DB ] CONNECT:[ UseTime:0.000564s ] mysql:dbname=hymaster;host=localhost;port=3306;charset=utf8mb4
[ sql ] [ SQL ] SHOW COLUMNS FROM `hy_hook_plugin` [ RunTime:0.000584s ]
[ sql ] [ SQL ] SELECT `hook`,`plugin` FROM `hy_hook_plugin` WHERE  `status` = 1 ORDER BY list_order ASC [ RunTime:0.000230s ]
[ sql ] [ SQL ] SHOW COLUMNS FROM `hy_option` [ RunTime:0.000457s ]
[ sql ] [ SQL ] SELECT `option_value` FROM `hy_option` WHERE  `option_name` = 'cdn_settings' LIMIT 1 [ RunTime:0.000174s ]
[ sql ] [ SQL ] SELECT `option_value` FROM `hy_option` WHERE  `option_name` = 'admin_settings' LIMIT 1 [ RunTime:0.000185s ]
---------------------------------------------------------------
[ 2018-10-22T08:26:24+08:00 ] 172.16.4.84 222.242.208.151 GET /admin/public/login.html
[ sql ] [ DB ] CONNECT:[ UseTime:0.000574s ] mysql:dbname=hymaster;host=localhost;port=3306;charset=utf8mb4
[ sql ] [ SQL ] SHOW COLUMNS FROM `hy_hook_plugin` [ RunTime:0.000562s ]
[ sql ] [ SQL ] SELECT `hook`,`plugin` FROM `hy_hook_plugin` WHERE  `status` = 1 ORDER BY list_order ASC [ RunTime:0.000225s ]
[ sql ] [ SQL ] SHOW COLUMNS FROM `hy_option` [ RunTime:0.000551s ]
[ sql ] [ SQL ] SELECT `option_value` FROM `hy_option` WHERE  `option_name` = 'cdn_settings' LIMIT 1 [ RunTime:0.000193s ]
[ sql ] [ SQL ] SELECT `option_value` FROM `hy_option` WHERE  `option_name` = 'admin_settings' LIMIT 1 [ RunTime:0.000221s ]
[ sql ] [ SQL ] SELECT `option_value` FROM `hy_option` WHERE  `option_name` = 'admin_settings' LIMIT 1 [ RunTime:0.000138s ]
---------------------------------------------------------------
[ 2018-10-22T08:26:24+08:00 ] 172.16.4.84 222.242.208.151 GET /admin
[ sql ] [ DB ] CONNECT:[ UseTime:0.000569s ] mysql:dbname=hymaster;host=localhost;port=3306;charset=utf8mb4
[ sql ] [ SQL ] SHOW COLUMNS FROM `hy_hook_plugin` [ RunTime:0.000584s ]
[ sql ] [ SQL ] SELECT `hook`,`plugin` FROM `hy_hook_plugin` WHERE  `status` = 1 ORDER BY list_order ASC [ RunTime:0.000204s ]
[ sql ] [ SQL ] SHOW COLUMNS FROM `hy_option` [ RunTime:0.000409s ]
[ sql ] [ SQL ] SELECT `option_value` FROM `hy_option` WHERE  `option_name` = 'cdn_settings' LIMIT 1 [ RunTime:0.000157s ]
[ sql ] [ SQL ] SELECT `option_value` FROM `hy_option` WHERE  `option_name` = 'admin_settings' LIMIT 1 [ RunTime:0.000152s ]
---------------------------------------------------------------
[ 2018-10-22T08:26:24+08:00 ] 172.16.4.84 222.242.208.151 GET /admin/public/login.html
[ sql ] [ DB ] CONNECT:[ UseTime:0.000556s ] mysql:dbname=hymaster;host=localhost;port=3306;charset=utf8mb4
[ sql ] [ SQL ] SHOW COLUMNS FROM `hy_hook_plugin` [ RunTime:0.000575s ]
[ sql ] [ SQL ] SELECT `hook`,`plugin` FROM `hy_hook_plugin` WHERE  `status` = 1 ORDER BY list_order ASC [ RunTime:0.000206s ]
[ sql ] [ SQL ] SHOW COLUMNS FROM `hy_option` [ RunTime:0.000515s ]
[ sql ] [ SQL ] SELECT `option_value` FROM `hy_option` WHERE  `option_name` = 'cdn_settings' LIMIT 1 [ RunTime:0.000172s ]
[ sql ] [ SQL ] SELECT `option_value` FROM `hy_option` WHERE  `option_name` = 'admin_settings' LIMIT 1 [ RunTime:0.000196s ]
[ sql ] [ SQL ] SELECT `option_value` FROM `hy_option` WHERE  `option_name` = 'admin_settings' LIMIT 1 [ RunTime:0.000126s ]
---------------------------------------------------------------
[ 2018-10-22T08:26:24+08:00 ] 172.16.4.84 222.242.208.151 GET /captcha/new.html?height=32&width=150&font_size=18
[ sql ] [ DB ] CONNECT:[ UseTime:0.000607s ] mysql:dbname=hymaster;host=localhost;port=3306;charset=utf8mb4
[ sql ] [ SQL ] SHOW COLUMNS FROM `hy_hook_plugin` [ RunTime:0.000573s ]
[ sql ] [ SQL ] SELECT `hook`,`plugin` FROM `hy_hook_plugin` WHERE  `status` = 1 ORDER BY list_order ASC [ RunTime:0.000216s ]
---------------------------------------------------------------
[ 2018-10-22T08:26:24+08:00 ] 172.16.4.84 222.242.208.151 GET /favicon.ico
[ sql ] [ DB ] CONNECT:[ UseTime:0.000668s ] mysql:dbname=hymaster;host=localhost;port=3306;charset=utf8mb4
[ sql ] [ SQL ] SHOW COLUMNS FROM `hy_hook_plugin` [ RunTime:0.000651s ]
[ sql ] [ SQL ] SELECT `hook`,`plugin` FROM `hy_hook_plugin` WHERE  `status` = 1 ORDER BY list_order ASC [ RunTime:0.000225s ]
---------------------------------------------------------------
[ 2018-10-22T08:26:37+08:00 ] 172.16.4.84 222.242.208.151 POST /admin/public/dologin.html
[ sql ] [ DB ] CONNECT:[ UseTime:0.000627s ] mysql:dbname=hymaster;host=localhost;port=3306;charset=utf8mb4
[ sql ] [ SQL ] SHOW COLUMNS FROM `hy_hook_plugin` [ RunTime:0.000623s ]
[ sql ] [ SQL ] SELECT `hook`,`plugin` FROM `hy_hook_plugin` WHERE  `status` = 1 ORDER BY list_order ASC [ RunTime:0.000246s ]
[ sql ] [ SQL ] SHOW COLUMNS FROM `hy_option` [ RunTime:0.000492s ]
[ sql ] [ SQL ] SELECT `option_value` FROM `hy_option` WHERE  `option_name` = 'cdn_settings' LIMIT 1 [ RunTime:0.000198s ]
---------------------------------------------------------------
[ 2018-10-22T08:26:37+08:00 ] 172.16.4.84 222.242.208.151 GET /captcha/new.html?height=32&width=150&font_size=18&refresh=0.506106381866475
[ sql ] [ DB ] CONNECT:[ UseTime:0.000663s ] mysql:dbname=hymaster;host=localhost;port=3306;charset=utf8mb4
[ sql ] [ SQL ] SHOW COLUMNS FROM `hy_hook_plugin` [ RunTime:0.000607s ]
[ sql ] [ SQL ] SELECT `hook`,`plugin` FROM `hy_hook_plugin` WHERE  `status` = 1 ORDER BY list_order ASC [ RunTime:0.000211s ]
---------------------------------------------------------------
[ 2018-10-22T08:26:42+08:00 ] 172.16.4.84 222.242.208.151 POST /admin/public/dologin.html
[ sql ] [ DB ] CONNECT:[ UseTime:0.000585s ] mysql:dbname=hymaster;host=localhost;port=3306;charset=utf8mb4
[ sql ] [ SQL ] SHOW COLUMNS FROM `hy_hook_plugin` [ RunTime:0.000585s ]
[ sql ] [ SQL ] SELECT `hook`,`plugin` FROM `hy_hook_plugin` WHERE  `status` = 1 ORDER BY list_order ASC [ RunTime:0.000251s ]
[ sql ] [ SQL ] SHOW COLUMNS FROM `hy_option` [ RunTime:0.000456s ]
[ sql ] [ SQL ] SELECT `option_value` FROM `hy_option` WHERE  `option_name` = 'cdn_settings' LIMIT 1 [ RunTime:0.000172s ]
[ sql ] [ SQL ] SHOW COLUMNS FROM `hy_user` [ RunTime:0.000481s ]
[ sql ] [ SQL ] SELECT * FROM `hy_user` WHERE  `user_login` = 'admin' LIMIT 1 [ RunTime:0.000285s ]
[ sql ] [ SQL ] SHOW COLUMNS FROM `hy_role_user` [ RunTime:0.000983s ]
[ sql ] [ SQL ] SELECT `role_id` FROM `hy_role_user` `a` INNER JOIN `hy_role` `b` ON `a`.`role_id`=`b`.`id` WHERE  `user_id` = 1  AND `status` = 1 LIMIT 1 [ RunTime:0.016843s ]
[ sql ] [ SQL ] UPDATE `hy_user`  SET `user_type`=1,`sex`=0,`birthday`=0,`last_login_time`=1540168002,`score`=0,`coin`=0,`create_time`=1499083873,`user_status`=1,`user_login`='admin',`user_pass`='###407c2e549ce3d521fcd9fbb7d8149cf5',`user_nickname`='admin',`user_email`='a@qq.com',`user_url`='',`avatar`='',`signature`='',`last_login_ip`='222.242.208.151',`user_activation_key`='',`mobile`=''  WHERE  `id` = 1 [ RunTime:0.004527s ]
---------------------------------------------------------------
[ 2018-10-22T08:26:45+08:00 ] 172.16.4.84 222.242.208.151 GET /admin/index/index.html
[ sql ] [ DB ] CONNECT:[ UseTime:0.000615s ] mysql:dbname=hymaster;host=localhost;port=3306;charset=utf8mb4
[ sql ] [ SQL ] SHOW COLUMNS FROM `hy_hook_plugin` [ RunTime:0.000642s ]
[ sql ] [ SQL ] SELECT `hook`,`plugin` FROM `hy_hook_plugin` WHERE  `status` = 1 ORDER BY list_order ASC [ RunTime:0.000257s ]
[ sql ] [ SQL ] SHOW COLUMNS FROM `hy_option` [ RunTime:0.000421s ]
[ sql ] [ SQL ] SELECT `option_value` FROM `hy_option` WHERE  `option_name` = 'cdn_settings' LIMIT 1 [ RunTime:0.000175s ]
[ sql ] [ SQL ] SELECT `option_value` FROM `hy_option` WHERE  `option_name` = 'admin_settings' LIMIT 1 [ RunTime:0.000154s ]
[ sql ] [ SQL ] SHOW COLUMNS FROM `hy_user` [ RunTime:0.000479s ]
[ sql ] [ SQL ] SELECT * FROM `hy_user` WHERE  `id` = 1 LIMIT 1 [ RunTime:0.000233s ]
[ sql ] [ SQL ] SHOW COLUMNS FROM `hy_admin_menu` [ RunTime:0.000711s ]
[ sql ] [ SQL ] SELECT * FROM `hy_admin_menu` WHERE  `parent_id` = 0  AND `status` = 1 ORDER BY `list_order`  ASC [ RunTime:0.000344s ]
[ sql ] [ SQL ] SELECT * FROM `hy_admin_menu` WHERE  `parent_id` = 108  AND `status` = 1 ORDER BY `list_order`  ASC [ RunTime:0.000287s ]
[ sql ] [ SQL ] SELECT * FROM `hy_admin_menu` WHERE  `parent_id` = 48  AND `status` = 1 ORDER BY `list_order`  ASC [ RunTime:0.000277s ]
[ sql ] [ SQL ] SELECT * FROM `hy_admin_menu` WHERE  `parent_id` = 49  AND `status` = 1 ORDER BY `list_order`  ASC [ RunTime:0.000241s ]
[ sql ] [ SQL ] SELECT * FROM `hy_admin_menu` WHERE  `parent_id` = 109  AND `status` = 1 ORDER BY `list_order`  ASC [ RunTime:0.000265s ]
[ sql ] [ SQL ] SELECT * FROM `hy_admin_menu` WHERE  `parent_id` = 151  AND `status` = 1 ORDER BY `list_order`  ASC [ RunTime:0.000265s ]
[ sql ] [ SQL ] SELECT * FROM `hy_admin_menu` WHERE  `parent_id` = 152  AND `status` = 1 ORDER BY `list_order`  ASC [ RunTime:0.000251s ]
[ sql ] [ SQL ] SELECT * FROM `hy_admin_menu` WHERE  `parent_id` = 155  AND `status` = 1 ORDER BY `list_order`  ASC [ RunTime:0.000218s ]
[ sql ] [ SQL ] SELECT * FROM `hy_admin_menu` WHERE  `parent_id` = 119  AND `status` = 1 ORDER BY `list_order`  ASC [ RunTime:0.000260s ]
[ sql ] [ SQL ] SELECT * FROM `hy_admin_menu` WHERE  `parent_id` = 120  AND `status` = 1 ORDER BY `list_order`  ASC [ RunTime:0.000257s ]
[ sql ] [ SQL ] SELECT * FROM `hy_admin_menu` WHERE  `parent_id` = 130  AND `status` = 1 ORDER BY `list_order`  ASC [ RunTime:0.000249s ]
[ sql ] [ SQL ] SELECT * FROM `hy_admin_menu` WHERE  `parent_id` = 157  AND `status` = 1 ORDER BY `list_order`  ASC [ RunTime:0.000206s ]
[ sql ] [ SQL ] SELECT * FROM `hy_user` WHERE  `id` = 1 LIMIT 1 [ RunTime:0.000207s ]
[ sql ] [ SQL ] SELECT `option_value` FROM `hy_option` WHERE  `option_name` = 'admin_settings' LIMIT 1 [ RunTime:0.000147s ]
[ sql ] [ SQL ] SELECT `option_value` FROM `hy_option` WHERE  `option_name` = 'admin_settings' LIMIT 1 [ RunTime:0.000132s ]
---------------------------------------------------------------
[ 2018-10-22T08:26:46+08:00 ] 172.16.4.84 222.242.208.151 GET /admin/main/index.html
[ sql ] [ DB ] CONNECT:[ UseTime:0.000613s ] mysql:dbname=hymaster;host=localhost;port=3306;charset=utf8mb4
[ sql ] [ SQL ] SHOW COLUMNS FROM `hy_hook_plugin` [ RunTime:0.000599s ]
[ sql ] [ SQL ] SELECT `hook`,`plugin` FROM `hy_hook_plugin` WHERE  `status` = 1 ORDER BY list_order ASC [ RunTime:0.000239s ]
[ sql ] [ SQL ] SHOW COLUMNS FROM `hy_option` [ RunTime:0.000459s ]
[ sql ] [ SQL ] SELECT `option_value` FROM `hy_option` WHERE  `option_name` = 'cdn_settings' LIMIT 1 [ RunTime:0.000181s ]
[ sql ] [ SQL ] SHOW COLUMNS FROM `hy_user` [ RunTime:0.000497s ]
[ sql ] [ SQL ] SELECT * FROM `hy_user` WHERE  `id` = 1 LIMIT 1 [ RunTime:0.000226s ]
[ sql ] [ SQL ] SELECT `option_value` FROM `hy_option` WHERE  `option_name` = 'admin_dashboard_widgets' LIMIT 1 [ RunTime:0.000158s ]
[ sql ] [ SQL ] SELECT `option_value` FROM `hy_option` WHERE  `option_name` = 'smtp_setting' LIMIT 1 [ RunTime:0.000122s ]
[ sql ] [ SQL ] SELECT `option_value` FROM `hy_option` WHERE  `option_name` = 'admin_settings' LIMIT 1 [ RunTime:0.000159s ]
---------------------------------------------------------------
[ 2018-10-22T08:26:52+08:00 ] 172.16.4.84 222.242.208.151 GET /portal/admin_article/index.html
[ sql ] [ DB ] CONNECT:[ UseTime:0.000571s ] mysql:dbname=hymaster;host=localhost;port=3306;charset=utf8mb4
[ sql ] [ SQL ] SHOW COLUMNS FROM `hy_hook_plugin` [ RunTime:0.000578s ]
[ sql ] [ SQL ] SELECT `hook`,`plugin` FROM `hy_hook_plugin` WHERE  `status` = 1 ORDER BY list_order ASC [ RunTime:0.000226s ]
[ sql ] [ SQL ] SHOW COLUMNS FROM `hy_option` [ RunTime:0.000455s ]
[ sql ] [ SQL ] SELECT `option_value` FROM `hy_option` WHERE  `option_name` = 'cdn_settings' LIMIT 1 [ RunTime:0.000174s ]
[ sql ] [ SQL ] SHOW COLUMNS FROM `hy_user` [ RunTime:0.000531s ]
[ sql ] [ SQL ] SELECT * FROM `hy_user` WHERE  `id` = 1 LIMIT 1 [ RunTime:0.000238s ]
[ sql ] [ SQL ] SHOW COLUMNS FROM `hy_portal_post` [ RunTime:0.000501s ]
[ sql ] [ SQL ] SELECT COUNT(*) AS tp_count FROM `hy_portal_post` `a` INNER JOIN `hy_user` `u` ON `a`.`user_id`=`u`.`id` WHERE  `a`.`create_time` >= 0  AND `a`.`delete_time` = 0  AND `a`.`post_type` = 1 LIMIT 1 [ RunTime:0.000348s ]
[ sql ] [ SQL ] SELECT `a`.*,`u`.`user_login`,`u`.`user_nickname`,`u`.`user_email` FROM `hy_portal_post` `a` INNER JOIN `hy_user` `u` ON `a`.`user_id`=`u`.`id` WHERE  `a`.`create_time` >= 0  AND `a`.`delete_time` = 0  AND `a`.`post_type` = 1 ORDER BY `update_time`  DESC LIMIT 0,10 [ RunTime:0.000661s ]
[ sql ] [ SQL ] SHOW COLUMNS FROM `hy_portal_category` [ RunTime:0.000418s ]
[ sql ] [ SQL ] SELECT * FROM `hy_portal_category` WHERE  `delete_time` = 0 ORDER BY list_order ASC [ RunTime:0.000222s ]
[ sql ] [ SQL ] SELECT `option_value` FROM `hy_option` WHERE  `option_name` = 'admin_settings' LIMIT 1 [ RunTime:0.000189s ]
[ sql ] [ SQL ] SELECT `option_value` FROM `hy_option` WHERE  `option_name` = 'storage' LIMIT 1 [ RunTime:0.000150s ]
---------------------------------------------------------------
[ 2018-10-22T08:26:55+08:00 ] 172.16.4.84 222.242.208.151 GET /portal/article/index/id/26.html
[ sql ] [ DB ] CONNECT:[ UseTime:0.000597s ] mysql:dbname=hymaster;host=localhost;port=3306;charset=utf8mb4
[ sql ] [ SQL ] SHOW COLUMNS FROM `hy_hook_plugin` [ RunTime:0.000608s ]
[ sql ] [ SQL ] SELECT `hook`,`plugin` FROM `hy_hook_plugin` WHERE  `status` = 1 ORDER BY list_order ASC [ RunTime:0.000247s ]
[ sql ] [ SQL ] SHOW COLUMNS FROM `hy_option` [ RunTime:0.000477s ]
[ sql ] [ SQL ] SELECT `option_value` FROM `hy_option` WHERE  `option_name` = 'cdn_settings' LIMIT 1 [ RunTime:0.000169s ]
[ sql ] [ SQL ] SHOW COLUMNS FROM `hy_portal_post` [ RunTime:0.000576s ]
[ sql ] [ SQL ] SELECT `post`.* FROM `hy_portal_post` `post` WHERE  `post`.`post_type` = 1  AND ( `post`.`published_time` <  '1540168015' AND `post`.`published_time` >  '0' )  AND `post`.`post_status` = 1  AND `post`.`delete_time` = 0  AND `post`.`id` = '26' LIMIT 1 [ RunTime:0.000395s ]
[ sql ] [ SQL ] UPDATE `hy_portal_post`  SET `post_hits`=post_hits+1  WHERE  `id` = 26 [ RunTime:0.004516s ]
[ sql ] [ SQL ] SELECT `post`.* FROM `hy_portal_post` `post` WHERE  `post`.`post_type` = 1  AND ( `post`.`published_time` <  '1540168015' AND `post`.`published_time` >  '0' )  AND `post`.`post_status` = 1  AND `post`.`delete_time` = 0  AND `post`.`create_time` < 1539996746 ORDER BY post.create_time DESC LIMIT 1 [ RunTime:0.000353s ]
[ sql ] [ SQL ] SELECT `post`.* FROM `hy_portal_post` `post` WHERE  `post`.`post_type` = 1  AND ( `post`.`published_time` <  '1540168015' AND `post`.`published_time` >  '0' )  AND `post`.`post_status` = 1  AND `post`.`delete_time` = 0  AND `post`.`create_time` > 1539996746 ORDER BY `post`.`create_time` LIMIT 1 [ RunTime:0.000301s ]
[ sql ] [ SQL ] SHOW COLUMNS FROM `hy_theme_file` [ RunTime:0.000422s ]
[ sql ] [ SQL ] SELECT `more` FROM `hy_theme_file` WHERE  `theme` = 'simpleboot3'  AND (  `is_public` = 1 OR `file` = 'portal/article' ) [ RunTime:0.000192s ]
[ sql ] [ SQL ] SELECT `option_value` FROM `hy_option` WHERE  `option_name` = 'storage' LIMIT 1 [ RunTime:0.000296s ]
---------------------------------------------------------------
[ 2018-10-22T08:26:55+08:00 ] 172.16.4.84 222.242.208.151 GET /themes/simpleboot3Public/assets/js/qrcode.min.js
[ sql ] [ DB ] CONNECT:[ UseTime:0.000621s ] mysql:dbname=hymaster;host=localhost;port=3306;charset=utf8mb4
[ sql ] [ SQL ] SHOW COLUMNS FROM `hy_hook_plugin` [ RunTime:0.000602s ]
[ sql ] [ SQL ] SELECT `hook`,`plugin` FROM `hy_hook_plugin` WHERE  `status` = 1 ORDER BY list_order ASC [ RunTime:0.000227s ]
---------------------------------------------------------------
[ 2018-10-22T08:26:56+08:00 ] 172.16.4.84 222.242.208.151 POST /user/index/islogin.html
[ sql ] [ DB ] CONNECT:[ UseTime:0.000586s ] mysql:dbname=hymaster;host=localhost;port=3306;charset=utf8mb4
[ sql ] [ SQL ] SHOW COLUMNS FROM `hy_hook_plugin` [ RunTime:0.000559s ]
[ sql ] [ SQL ] SELECT `hook`,`plugin` FROM `hy_hook_plugin` WHERE  `status` = 1 ORDER BY list_order ASC [ RunTime:0.000209s ]
[ sql ] [ SQL ] SHOW COLUMNS FROM `hy_option` [ RunTime:0.000481s ]
[ sql ] [ SQL ] SELECT `option_value` FROM `hy_option` WHERE  `option_name` = 'cdn_settings' LIMIT 1 [ RunTime:0.000170s ]
---------------------------------------------------------------
[ 2018-10-22T08:27:06+08:00 ] 172.16.4.84 222.242.208.151 GET /portal/admin_article/edit/id/26.html
[ sql ] [ DB ] CONNECT:[ UseTime:0.000646s ] mysql:dbname=hymaster;host=localhost;port=3306;charset=utf8mb4
[ sql ] [ SQL ] SHOW COLUMNS FROM `hy_hook_plugin` [ RunTime:0.000629s ]
[ sql ] [ SQL ] SELECT `hook`,`plugin` FROM `hy_hook_plugin` WHERE  `status` = 1 ORDER BY list_order ASC [ RunTime:0.000224s ]
[ sql ] [ SQL ] SHOW COLUMNS FROM `hy_option` [ RunTime:0.000552s ]
[ sql ] [ SQL ] SELECT `option_value` FROM `hy_option` WHERE  `option_name` = 'cdn_settings' LIMIT 1 [ RunTime:0.000177s ]
[ sql ] [ SQL ] SHOW COLUMNS FROM `hy_user` [ RunTime:0.000607s ]
[ sql ] [ SQL ] SELECT * FROM `hy_user` WHERE  `id` = 1 LIMIT 1 [ RunTime:0.000264s ]
[ sql ] [ SQL ] SHOW COLUMNS FROM `hy_portal_post` [ RunTime:0.000548s ]
[ sql ] [ SQL ] SELECT * FROM `hy_portal_post` WHERE  `id` = 26 LIMIT 1 [ RunTime:0.000243s ]
[ sql ] [ SQL ] SHOW COLUMNS FROM `hy_portal_category` [ RunTime:0.000436s ]
[ sql ] [ SQL ] SELECT `a`.`id`,`a`.`name` FROM `hy_portal_category` `a` INNER JOIN `hy_portal_category_post` `pivot` ON `pivot`.`category_id`=`a`.`id` WHERE  `pivot`.`post_id` = 26 [ RunTime:0.000260s ]
[ sql ] [ SQL ] SHOW COLUMNS FROM `hy_theme_file` [ RunTime:0.000443s ]
[ sql ] [ SQL ] SELECT * FROM `hy_theme_file` WHERE  `theme` = 'simpleboot3'  AND `action` = 'portal/Article/index' [ RunTime:0.000249s ]
[ sql ] [ SQL ] SELECT `option_value` FROM `hy_option` WHERE  `option_name` = 'admin_settings' LIMIT 1 [ RunTime:0.000173s ]
[ sql ] [ SQL ] SELECT `option_value` FROM `hy_option` WHERE  `option_name` = 'storage' LIMIT 1 [ RunTime:0.000179s ]
---------------------------------------------------------------
[ 2018-10-22T08:27:07+08:00 ] 172.16.4.84 222.242.208.151 GET /user/Ueditor/upload?action=config&&noCache=1540168024852
[ sql ] [ DB ] CONNECT:[ UseTime:0.000601s ] mysql:dbname=hymaster;host=localhost;port=3306;charset=utf8mb4
[ sql ] [ SQL ] SHOW COLUMNS FROM `hy_hook_plugin` [ RunTime:0.000607s ]
[ sql ] [ SQL ] SELECT `hook`,`plugin` FROM `hy_hook_plugin` WHERE  `status` = 1 ORDER BY list_order ASC [ RunTime:0.000232s ]
[ sql ] [ SQL ] SHOW COLUMNS FROM `hy_option` [ RunTime:0.000445s ]
[ sql ] [ SQL ] SELECT `option_value` FROM `hy_option` WHERE  `option_name` = 'cdn_settings' LIMIT 1 [ RunTime:0.000171s ]
[ sql ] [ SQL ] SELECT `option_value` FROM `hy_option` WHERE  `option_name` = 'upload_setting' LIMIT 1 [ RunTime:0.000178s ]
---------------------------------------------------------------
[ 2018-10-22T08:27:08+08:00 ] 172.16.4.84 222.242.208.151 GET /user/Asset/webuploader?&multi=0&filetype=image&app=portal
[ sql ] [ DB ] CONNECT:[ UseTime:0.000655s ] mysql:dbname=hymaster;host=localhost;port=3306;charset=utf8mb4
[ sql ] [ SQL ] SHOW COLUMNS FROM `hy_hook_plugin` [ RunTime:0.000592s ]
[ sql ] [ SQL ] SELECT `hook`,`plugin` FROM `hy_hook_plugin` WHERE  `status` = 1 ORDER BY list_order ASC [ RunTime:0.000233s ]
[ sql ] [ SQL ] SHOW COLUMNS FROM `hy_option` [ RunTime:0.000444s ]
[ sql ] [ SQL ] SELECT `option_value` FROM `hy_option` WHERE  `option_name` = 'cdn_settings' LIMIT 1 [ RunTime:0.000174s ]
[ sql ] [ SQL ] SELECT `option_value` FROM `hy_option` WHERE  `option_name` = 'upload_setting' LIMIT 1 [ RunTime:0.000252s ]
[ sql ] [ SQL ] SELECT `option_value` FROM `hy_option` WHERE  `option_name` = 'admin_settings' LIMIT 1 [ RunTime:0.000143s ]
[ sql ] [ SQL ] SELECT `option_value` FROM `hy_option` WHERE  `option_name` = 'storage' LIMIT 1 [ RunTime:0.000137s ]
---------------------------------------------------------------
[ 2018-10-22T08:27:12+08:00 ] 172.16.4.84 222.242.208.151 POST /user/asset/webuploader.html?_ajax=1
[ sql ] [ DB ] CONNECT:[ UseTime:0.000597s ] mysql:dbname=hymaster;host=localhost;port=3306;charset=utf8mb4
[ sql ] [ SQL ] SHOW COLUMNS FROM `hy_hook_plugin` [ RunTime:0.000609s ]
[ sql ] [ SQL ] SELECT `hook`,`plugin` FROM `hy_hook_plugin` WHERE  `status` = 1 ORDER BY list_order ASC [ RunTime:0.000218s ]
[ sql ] [ SQL ] SHOW COLUMNS FROM `hy_option` [ RunTime:0.000497s ]
[ sql ] [ SQL ] SELECT `option_value` FROM `hy_option` WHERE  `option_name` = 'cdn_settings' LIMIT 1 [ RunTime:0.000180s ]
[ sql ] [ SQL ] SELECT `option_value` FROM `hy_option` WHERE  `option_name` = 'upload_setting' LIMIT 1 [ RunTime:0.000181s ]
[ error ] [2]unlink(2111d2c797ab7c3f413fcc4dc9f65569_0.part): No such file or directory
[ error ] [0]致命错误: Call to undefined function think\finfo_open()
---------------------------------------------------------------
[ 2018-10-22T08:33:31+08:00 ] 172.16.4.84 222.242.208.151 GET /
[ sql ] [ DB ] CONNECT:[ UseTime:0.000595s ] mysql:dbname=hymaster;host=localhost;port=3306;charset=utf8mb4
[ sql ] [ SQL ] SHOW COLUMNS FROM `hy_hook_plugin` [ RunTime:0.000573s ]
[ sql ] [ SQL ] SELECT `hook`,`plugin` FROM `hy_hook_plugin` WHERE  `status` = 1 ORDER BY list_order ASC [ RunTime:0.000235s ]
[ sql ] [ SQL ] SHOW COLUMNS FROM `hy_option` [ RunTime:0.000481s ]
[ sql ] [ SQL ] SELECT `option_value` FROM `hy_option` WHERE  `option_name` = 'cdn_settings' LIMIT 1 [ RunTime:0.000185s ]
[ sql ] [ SQL ] SHOW COLUMNS FROM `hy_theme_file` [ RunTime:0.000472s ]
[ sql ] [ SQL ] SELECT `more` FROM `hy_theme_file` WHERE  `theme` = 'simpleboot3'  AND (  `is_public` = 1 OR `file` = 'portal/index' ) [ RunTime:0.000241s ]
---------------------------------------------------------------
[ 2018-10-22T08:34:45+08:00 ] 172.16.4.84 203.208.60.55 GET /
[ sql ] [ DB ] CONNECT:[ UseTime:0.000675s ] mysql:dbname=hymaster;host=localhost;port=3306;charset=utf8mb4
[ sql ] [ SQL ] SHOW COLUMNS FROM `hy_hook_plugin` [ RunTime:0.000665s ]
[ sql ] [ SQL ] SELECT `hook`,`plugin` FROM `hy_hook_plugin` WHERE  `status` = 1 ORDER BY list_order ASC [ RunTime:0.000212s ]
[ sql ] [ SQL ] SHOW COLUMNS FROM `hy_option` [ RunTime:0.000489s ]
[ sql ] [ SQL ] SELECT `option_value` FROM `hy_option` WHERE  `option_name` = 'cdn_settings' LIMIT 1 [ RunTime:0.000172s ]
[ sql ] [ SQL ] SHOW COLUMNS FROM `hy_theme_file` [ RunTime:0.000515s ]
[ sql ] [ SQL ] SELECT `more` FROM `hy_theme_file` WHERE  `theme` = 'simpleboot3'  AND (  `is_public` = 1 OR `file` = 'portal/index' ) [ RunTime:0.000292s ]
---------------------------------------------------------------
[ 2018-10-22T09:09:12+08:00 ] 172.16.4.84 222.242.208.151 GET /admin
[ sql ] [ DB ] CONNECT:[ UseTime:0.001157s ] mysql:dbname=hymaster;host=localhost;port=3306;charset=utf8mb4
[ sql ] [ SQL ] SHOW COLUMNS FROM `hy_hook_plugin` [ RunTime:0.006099s ]
[ sql ] [ SQL ] SELECT `hook`,`plugin` FROM `hy_hook_plugin` WHERE  `status` = 1 ORDER BY list_order ASC [ RunTime:0.000414s ]
[ sql ] [ SQL ] SHOW COLUMNS FROM `hy_option` [ RunTime:0.001045s ]
[ sql ] [ SQL ] SELECT `option_value` FROM `hy_option` WHERE  `option_name` = 'cdn_settings' LIMIT 1 [ RunTime:0.000208s ]
[ sql ] [ SQL ] SELECT `option_value` FROM `hy_option` WHERE  `option_name` = 'admin_settings' LIMIT 1 [ RunTime:0.000195s ]
---------------------------------------------------------------
[ 2018-10-22T09:09:12+08:00 ] 172.16.4.84 222.242.208.151 GET /admin/public/login.html
[ sql ] [ DB ] CONNECT:[ UseTime:0.000676s ] mysql:dbname=hymaster;host=localhost;port=3306;charset=utf8mb4
[ sql ] [ SQL ] SHOW COLUMNS FROM `hy_hook_plugin` [ RunTime:0.000647s ]
[ sql ] [ SQL ] SELECT `hook`,`plugin` FROM `hy_hook_plugin` WHERE  `status` = 1 ORDER BY list_order ASC [ RunTime:0.000248s ]
[ sql ] [ SQL ] SHOW COLUMNS FROM `hy_option` [ RunTime:0.000500s ]
[ sql ] [ SQL ] SELECT `option_value` FROM `hy_option` WHERE  `option_name` = 'cdn_settings' LIMIT 1 [ RunTime:0.000176s ]
[ sql ] [ SQL ] SELECT `option_value` FROM `hy_option` WHERE  `option_name` = 'admin_settings' LIMIT 1 [ RunTime:0.000185s ]
[ sql ] [ SQL ] SELECT `option_value` FROM `hy_option` WHERE  `option_name` = 'admin_settings' LIMIT 1 [ RunTime:0.000141s ]
---------------------------------------------------------------
[ 2018-10-22T09:09:12+08:00 ] 172.16.4.84 222.242.208.151 GET /captcha/new.html?height=32&width=150&font_size=18
[ sql ] [ DB ] CONNECT:[ UseTime:0.003465s ] mysql:dbname=hymaster;host=localhost;port=3306;charset=utf8mb4
[ sql ] [ SQL ] SHOW COLUMNS FROM `hy_hook_plugin` [ RunTime:0.000664s ]
[ sql ] [ SQL ] SELECT `hook`,`plugin` FROM `hy_hook_plugin` WHERE  `status` = 1 ORDER BY list_order ASC [ RunTime:0.000234s ]
---------------------------------------------------------------
[ 2018-10-22T09:09:15+08:00 ] 172.16.4.84 222.242.208.151 GET /favicon.ico
[ sql ] [ DB ] CONNECT:[ UseTime:0.000676s ] mysql:dbname=hymaster;host=localhost;port=3306;charset=utf8mb4
[ sql ] [ SQL ] SHOW COLUMNS FROM `hy_hook_plugin` [ RunTime:0.000654s ]
[ sql ] [ SQL ] SELECT `hook`,`plugin` FROM `hy_hook_plugin` WHERE  `status` = 1 ORDER BY list_order ASC [ RunTime:0.000256s ]
---------------------------------------------------------------
[ 2018-10-22T09:09:33+08:00 ] 172.16.4.84 222.242.208.151 POST /admin/public/dologin.html
[ sql ] [ DB ] CONNECT:[ UseTime:0.000858s ] mysql:dbname=hymaster;host=localhost;port=3306;charset=utf8mb4
[ sql ] [ SQL ] SHOW COLUMNS FROM `hy_hook_plugin` [ RunTime:0.000686s ]
[ sql ] [ SQL ] SELECT `hook`,`plugin` FROM `hy_hook_plugin` WHERE  `status` = 1 ORDER BY list_order ASC [ RunTime:0.000228s ]
[ sql ] [ SQL ] SHOW COLUMNS FROM `hy_option` [ RunTime:0.000489s ]
[ sql ] [ SQL ] SELECT `option_value` FROM `hy_option` WHERE  `option_name` = 'cdn_settings' LIMIT 1 [ RunTime:0.000205s ]
---------------------------------------------------------------
[ 2018-10-22T09:09:34+08:00 ] 172.16.4.84 222.242.208.151 GET /captcha/new.html?height=32&width=150&font_size=18&refresh=0.8450342929761996
[ sql ] [ DB ] CONNECT:[ UseTime:0.000702s ] mysql:dbname=hymaster;host=localhost;port=3306;charset=utf8mb4
[ sql ] [ SQL ] SHOW COLUMNS FROM `hy_hook_plugin` [ RunTime:0.000605s ]
[ sql ] [ SQL ] SELECT `hook`,`plugin` FROM `hy_hook_plugin` WHERE  `status` = 1 ORDER BY list_order ASC [ RunTime:0.000233s ]
---------------------------------------------------------------
[ 2018-10-22T09:09:41+08:00 ] 172.16.4.84 222.242.208.151 POST /admin/public/dologin.html
[ sql ] [ DB ] CONNECT:[ UseTime:0.000761s ] mysql:dbname=hymaster;host=localhost;port=3306;charset=utf8mb4
[ sql ] [ SQL ] SHOW COLUMNS FROM `hy_hook_plugin` [ RunTime:0.000662s ]
[ sql ] [ SQL ] SELECT `hook`,`plugin` FROM `hy_hook_plugin` WHERE  `status` = 1 ORDER BY list_order ASC [ RunTime:0.000254s ]
[ sql ] [ SQL ] SHOW COLUMNS FROM `hy_option` [ RunTime:0.000494s ]
[ sql ] [ SQL ] SELECT `option_value` FROM `hy_option` WHERE  `option_name` = 'cdn_settings' LIMIT 1 [ RunTime:0.000188s ]
[ sql ] [ SQL ] SHOW COLUMNS FROM `hy_user` [ RunTime:0.001089s ]
[ sql ] [ SQL ] SELECT * FROM `hy_user` WHERE  `user_login` = 'admin' LIMIT 1 [ RunTime:0.000329s ]
[ sql ] [ SQL ] SHOW COLUMNS FROM `hy_role_user` [ RunTime:0.000783s ]
[ sql ] [ SQL ] SELECT `role_id` FROM `hy_role_user` `a` INNER JOIN `hy_role` `b` ON `a`.`role_id`=`b`.`id` WHERE  `user_id` = 1  AND `status` = 1 LIMIT 1 [ RunTime:0.000694s ]
[ sql ] [ SQL ] UPDATE `hy_user`  SET `user_type`=1,`sex`=0,`birthday`=0,`last_login_time`=1540170581,`score`=0,`coin`=0,`create_time`=1499083873,`user_status`=1,`user_login`='admin',`user_pass`='###407c2e549ce3d521fcd9fbb7d8149cf5',`user_nickname`='admin',`user_email`='a@qq.com',`user_url`='',`avatar`='',`signature`='',`last_login_ip`='222.242.208.151',`user_activation_key`='',`mobile`=''  WHERE  `id` = 1 [ RunTime:0.003900s ]
---------------------------------------------------------------
[ 2018-10-22T09:09:44+08:00 ] 172.16.4.84 222.242.208.151 GET /admin/index/index.html
[ sql ] [ DB ] CONNECT:[ UseTime:0.000714s ] mysql:dbname=hymaster;host=localhost;port=3306;charset=utf8mb4
[ sql ] [ SQL ] SHOW COLUMNS FROM `hy_hook_plugin` [ RunTime:0.000671s ]
[ sql ] [ SQL ] SELECT `hook`,`plugin` FROM `hy_hook_plugin` WHERE  `status` = 1 ORDER BY list_order ASC [ RunTime:0.000268s ]
[ sql ] [ SQL ] SHOW COLUMNS FROM `hy_option` [ RunTime:0.000490s ]
[ sql ] [ SQL ] SELECT `option_value` FROM `hy_option` WHERE  `option_name` = 'cdn_settings' LIMIT 1 [ RunTime:0.000176s ]
[ sql ] [ SQL ] SELECT `option_value` FROM `hy_option` WHERE  `option_name` = 'admin_settings' LIMIT 1 [ RunTime:0.000227s ]
[ sql ] [ SQL ] SHOW COLUMNS FROM `hy_user` [ RunTime:0.000512s ]
[ sql ] [ SQL ] SELECT * FROM `hy_user` WHERE  `id` = 1 LIMIT 1 [ RunTime:0.000295s ]
[ sql ] [ SQL ] SHOW COLUMNS FROM `hy_admin_menu` [ RunTime:0.000935s ]
[ sql ] [ SQL ] SELECT * FROM `hy_admin_menu` WHERE  `parent_id` = 0  AND `status` = 1 ORDER BY `list_order`  ASC [ RunTime:0.001151s ]
[ sql ] [ SQL ] SELECT * FROM `hy_admin_menu` WHERE  `parent_id` = 108  AND `status` = 1 ORDER BY `list_order`  ASC [ RunTime:0.000350s ]
[ sql ] [ SQL ] SELECT * FROM `hy_admin_menu` WHERE  `parent_id` = 48  AND `status` = 1 ORDER BY `list_order`  ASC [ RunTime:0.000264s ]
[ sql ] [ SQL ] SELECT * FROM `hy_admin_menu` WHERE  `parent_id` = 49  AND `status` = 1 ORDER BY `list_order`  ASC [ RunTime:0.000259s ]
[ sql ] [ SQL ] SELECT * FROM `hy_admin_menu` WHERE  `parent_id` = 109  AND `status` = 1 ORDER BY `list_order`  ASC [ RunTime:0.000249s ]
[ sql ] [ SQL ] SELECT * FROM `hy_admin_menu` WHERE  `parent_id` = 151  AND `status` = 1 ORDER BY `list_order`  ASC [ RunTime:0.000264s ]
[ sql ] [ SQL ] SELECT * FROM `hy_admin_menu` WHERE  `parent_id` = 152  AND `status` = 1 ORDER BY `list_order`  ASC [ RunTime:0.000274s ]
[ sql ] [ SQL ] SELECT * FROM `hy_admin_menu` WHERE  `parent_id` = 155  AND `status` = 1 ORDER BY `list_order`  ASC [ RunTime:0.000239s ]
[ sql ] [ SQL ] SELECT * FROM `hy_admin_menu` WHERE  `parent_id` = 119  AND `status` = 1 ORDER BY `list_order`  ASC [ RunTime:0.000273s ]
[ sql ] [ SQL ] SELECT * FROM `hy_admin_menu` WHERE  `parent_id` = 120  AND `status` = 1 ORDER BY `list_order`  ASC [ RunTime:0.000238s ]
[ sql ] [ SQL ] SELECT * FROM `hy_admin_menu` WHERE  `parent_id` = 130  AND `status` = 1 ORDER BY `list_order`  ASC [ RunTime:0.000248s ]
[ sql ] [ SQL ] SELECT * FROM `hy_admin_menu` WHERE  `parent_id` = 157  AND `status` = 1 ORDER BY `list_order`  ASC [ RunTime:0.000205s ]
[ sql ] [ SQL ] SELECT * FROM `hy_user` WHERE  `id` = 1 LIMIT 1 [ RunTime:0.000187s ]
[ sql ] [ SQL ] SELECT `option_value` FROM `hy_option` WHERE  `option_name` = 'admin_settings' LIMIT 1 [ RunTime:0.000159s ]
[ sql ] [ SQL ] SELECT `option_value` FROM `hy_option` WHERE  `option_name` = 'admin_settings' LIMIT 1 [ RunTime:0.000143s ]
---------------------------------------------------------------
[ 2018-10-22T09:09:44+08:00 ] 172.16.4.84 222.242.208.151 GET /admin/main/index.html
[ sql ] [ DB ] CONNECT:[ UseTime:0.000634s ] mysql:dbname=hymaster;host=localhost;port=3306;charset=utf8mb4
[ sql ] [ SQL ] SHOW COLUMNS FROM `hy_hook_plugin` [ RunTime:0.000649s ]
[ sql ] [ SQL ] SELECT `hook`,`plugin` FROM `hy_hook_plugin` WHERE  `status` = 1 ORDER BY list_order ASC [ RunTime:0.000245s ]
[ sql ] [ SQL ] SHOW COLUMNS FROM `hy_option` [ RunTime:0.000562s ]
[ sql ] [ SQL ] SELECT `option_value` FROM `hy_option` WHERE  `option_name` = 'cdn_settings' LIMIT 1 [ RunTime:0.000177s ]
[ sql ] [ SQL ] SHOW COLUMNS FROM `hy_user` [ RunTime:0.000542s ]
[ sql ] [ SQL ] SELECT * FROM `hy_user` WHERE  `id` = 1 LIMIT 1 [ RunTime:0.000235s ]
[ sql ] [ SQL ] SELECT `option_value` FROM `hy_option` WHERE  `option_name` = 'admin_dashboard_widgets' LIMIT 1 [ RunTime:0.000204s ]
[ sql ] [ SQL ] SELECT `option_value` FROM `hy_option` WHERE  `option_name` = 'smtp_setting' LIMIT 1 [ RunTime:0.000145s ]
[ sql ] [ SQL ] SELECT `option_value` FROM `hy_option` WHERE  `option_name` = 'admin_settings' LIMIT 1 [ RunTime:0.000156s ]
---------------------------------------------------------------
[ 2018-10-22T09:09:56+08:00 ] 172.16.4.84 222.242.208.151 GET /portal/admin_article/index.html
[ sql ] [ DB ] CONNECT:[ UseTime:0.000634s ] mysql:dbname=hymaster;host=localhost;port=3306;charset=utf8mb4
[ sql ] [ SQL ] SHOW COLUMNS FROM `hy_hook_plugin` [ RunTime:0.000641s ]
[ sql ] [ SQL ] SELECT `hook`,`plugin` FROM `hy_hook_plugin` WHERE  `status` = 1 ORDER BY list_order ASC [ RunTime:0.000237s ]
[ sql ] [ SQL ] SHOW COLUMNS FROM `hy_option` [ RunTime:0.000464s ]
[ sql ] [ SQL ] SELECT `option_value` FROM `hy_option` WHERE  `option_name` = 'cdn_settings' LIMIT 1 [ RunTime:0.000176s ]
[ sql ] [ SQL ] SHOW COLUMNS FROM `hy_user` [ RunTime:0.000508s ]
[ sql ] [ SQL ] SELECT * FROM `hy_user` WHERE  `id` = 1 LIMIT 1 [ RunTime:0.000258s ]
[ sql ] [ SQL ] SHOW COLUMNS FROM `hy_portal_post` [ RunTime:0.001171s ]
[ sql ] [ SQL ] SELECT COUNT(*) AS tp_count FROM `hy_portal_post` `a` INNER JOIN `hy_user` `u` ON `a`.`user_id`=`u`.`id` WHERE  `a`.`create_time` >= 0  AND `a`.`delete_time` = 0  AND `a`.`post_type` = 1 LIMIT 1 [ RunTime:0.000393s ]
[ sql ] [ SQL ] SELECT `a`.*,`u`.`user_login`,`u`.`user_nickname`,`u`.`user_email` FROM `hy_portal_post` `a` INNER JOIN `hy_user` `u` ON `a`.`user_id`=`u`.`id` WHERE  `a`.`create_time` >= 0  AND `a`.`delete_time` = 0  AND `a`.`post_type` = 1 ORDER BY `update_time`  DESC LIMIT 0,10 [ RunTime:0.000689s ]
[ sql ] [ SQL ] SHOW COLUMNS FROM `hy_portal_category` [ RunTime:0.000788s ]
[ sql ] [ SQL ] SELECT * FROM `hy_portal_category` WHERE  `delete_time` = 0 ORDER BY list_order ASC [ RunTime:0.000253s ]
[ sql ] [ SQL ] SELECT `option_value` FROM `hy_option` WHERE  `option_name` = 'admin_settings' LIMIT 1 [ RunTime:0.000179s ]
[ sql ] [ SQL ] SELECT `option_value` FROM `hy_option` WHERE  `option_name` = 'storage' LIMIT 1 [ RunTime:0.000185s ]
---------------------------------------------------------------
[ 2018-10-22T09:17:17+08:00 ] 172.16.4.84 222.242.208.151 GET /portal/admin_article/index.html
[ sql ] [ DB ] CONNECT:[ UseTime:0.000614s ] mysql:dbname=hymaster;host=localhost;port=3306;charset=utf8mb4
[ sql ] [ SQL ] SHOW COLUMNS FROM `hy_hook_plugin` [ RunTime:0.000646s ]
[ sql ] [ SQL ] SELECT `hook`,`plugin` FROM `hy_hook_plugin` WHERE  `status` = 1 ORDER BY list_order ASC [ RunTime:0.000270s ]
[ sql ] [ SQL ] SHOW COLUMNS FROM `hy_option` [ RunTime:0.000450s ]
[ sql ] [ SQL ] SELECT `option_value` FROM `hy_option` WHERE  `option_name` = 'cdn_settings' LIMIT 1 [ RunTime:0.000169s ]
[ sql ] [ SQL ] SHOW COLUMNS FROM `hy_user` [ RunTime:0.000492s ]
[ sql ] [ SQL ] SELECT * FROM `hy_user` WHERE  `id` = 1 LIMIT 1 [ RunTime:0.000233s ]
[ sql ] [ SQL ] SHOW COLUMNS FROM `hy_portal_post` [ RunTime:0.000541s ]
[ sql ] [ SQL ] SELECT COUNT(*) AS tp_count FROM `hy_portal_post` `a` INNER JOIN `hy_user` `u` ON `a`.`user_id`=`u`.`id` WHERE  `a`.`create_time` >= 0  AND `a`.`delete_time` = 0  AND `a`.`post_type` = 1 LIMIT 1 [ RunTime:0.000328s ]
[ sql ] [ SQL ] SELECT `a`.*,`u`.`user_login`,`u`.`user_nickname`,`u`.`user_email` FROM `hy_portal_post` `a` INNER JOIN `hy_user` `u` ON `a`.`user_id`=`u`.`id` WHERE  `a`.`create_time` >= 0  AND `a`.`delete_time` = 0  AND `a`.`post_type` = 1 ORDER BY `update_time`  DESC LIMIT 0,10 [ RunTime:0.000635s ]
[ sql ] [ SQL ] SHOW COLUMNS FROM `hy_portal_category` [ RunTime:0.000409s ]
[ sql ] [ SQL ] SELECT * FROM `hy_portal_category` WHERE  `delete_time` = 0 ORDER BY list_order ASC [ RunTime:0.000227s ]
[ sql ] [ SQL ] SELECT `option_value` FROM `hy_option` WHERE  `option_name` = 'admin_settings' LIMIT 1 [ RunTime:0.000151s ]
[ sql ] [ SQL ] SELECT `option_value` FROM `hy_option` WHERE  `option_name` = 'storage' LIMIT 1 [ RunTime:0.000156s ]
---------------------------------------------------------------
[ 2018-10-22T09:17:20+08:00 ] 172.16.4.84 222.242.208.151 GET /portal/admin_article/add.html
[ sql ] [ DB ] CONNECT:[ UseTime:0.000665s ] mysql:dbname=hymaster;host=localhost;port=3306;charset=utf8mb4
[ sql ] [ SQL ] SHOW COLUMNS FROM `hy_hook_plugin` [ RunTime:0.000618s ]
[ sql ] [ SQL ] SELECT `hook`,`plugin` FROM `hy_hook_plugin` WHERE  `status` = 1 ORDER BY list_order ASC [ RunTime:0.000236s ]
[ sql ] [ SQL ] SHOW COLUMNS FROM `hy_option` [ RunTime:0.000475s ]
[ sql ] [ SQL ] SELECT `option_value` FROM `hy_option` WHERE  `option_name` = 'cdn_settings' LIMIT 1 [ RunTime:0.000166s ]
[ sql ] [ SQL ] SHOW COLUMNS FROM `hy_user` [ RunTime:0.000678s ]
[ sql ] [ SQL ] SELECT * FROM `hy_user` WHERE  `id` = 1 LIMIT 1 [ RunTime:0.000302s ]
[ sql ] [ SQL ] SHOW COLUMNS FROM `hy_theme_file` [ RunTime:0.000999s ]
[ sql ] [ SQL ] SELECT * FROM `hy_theme_file` WHERE  `theme` = 'simpleboot3'  AND `action` = 'portal/Article/index' [ RunTime:0.000527s ]
[ sql ] [ SQL ] SELECT `option_value` FROM `hy_option` WHERE  `option_name` = 'admin_settings' LIMIT 1 [ RunTime:0.000149s ]
---------------------------------------------------------------
[ 2018-10-22T09:17:21+08:00 ] 172.16.4.84 222.242.208.151 GET /user/Ueditor/upload?action=config&&noCache=1540171041029
[ sql ] [ DB ] CONNECT:[ UseTime:0.000718s ] mysql:dbname=hymaster;host=localhost;port=3306;charset=utf8mb4
[ sql ] [ SQL ] SHOW COLUMNS FROM `hy_hook_plugin` [ RunTime:0.000653s ]
[ sql ] [ SQL ] SELECT `hook`,`plugin` FROM `hy_hook_plugin` WHERE  `status` = 1 ORDER BY list_order ASC [ RunTime:0.000237s ]
[ sql ] [ SQL ] SHOW COLUMNS FROM `hy_option` [ RunTime:0.000494s ]
[ sql ] [ SQL ] SELECT `option_value` FROM `hy_option` WHERE  `option_name` = 'cdn_settings' LIMIT 1 [ RunTime:0.000185s ]
[ sql ] [ SQL ] SELECT `option_value` FROM `hy_option` WHERE  `option_name` = 'upload_setting' LIMIT 1 [ RunTime:0.000204s ]
---------------------------------------------------------------
[ 2018-10-22T09:17:23+08:00 ] 172.16.4.84 222.242.208.151 POST /user/Ueditor/upload?action=catchimage&
[ sql ] [ DB ] CONNECT:[ UseTime:0.000622s ] mysql:dbname=hymaster;host=localhost;port=3306;charset=utf8mb4
[ sql ] [ SQL ] SHOW COLUMNS FROM `hy_hook_plugin` [ RunTime:0.000647s ]
[ sql ] [ SQL ] SELECT `hook`,`plugin` FROM `hy_hook_plugin` WHERE  `status` = 1 ORDER BY list_order ASC [ RunTime:0.000255s ]
[ sql ] [ SQL ] SHOW COLUMNS FROM `hy_option` [ RunTime:0.000502s ]
[ sql ] [ SQL ] SELECT `option_value` FROM `hy_option` WHERE  `option_name` = 'cdn_settings' LIMIT 1 [ RunTime:0.000186s ]
[ error ] [0]variable type error：array
---------------------------------------------------------------
[ 2018-10-22T09:17:40+08:00 ] 172.16.4.84 222.242.208.151 GET /portal/admin_category/select.html?ids=
[ sql ] [ DB ] CONNECT:[ UseTime:0.000606s ] mysql:dbname=hymaster;host=localhost;port=3306;charset=utf8mb4
[ sql ] [ SQL ] SHOW COLUMNS FROM `hy_hook_plugin` [ RunTime:0.000706s ]
[ sql ] [ SQL ] SELECT `hook`,`plugin` FROM `hy_hook_plugin` WHERE  `status` = 1 ORDER BY list_order ASC [ RunTime:0.000280s ]
[ sql ] [ SQL ] SHOW COLUMNS FROM `hy_option` [ RunTime:0.000504s ]
[ sql ] [ SQL ] SELECT `option_value` FROM `hy_option` WHERE  `option_name` = 'cdn_settings' LIMIT 1 [ RunTime:0.000202s ]
[ sql ] [ SQL ] SHOW COLUMNS FROM `hy_user` [ RunTime:0.000598s ]
[ sql ] [ SQL ] SELECT * FROM `hy_user` WHERE  `id` = 1 LIMIT 1 [ RunTime:0.000275s ]
[ sql ] [ SQL ] SHOW COLUMNS FROM `hy_portal_category` [ RunTime:0.000449s ]
[ sql ] [ SQL ] SELECT * FROM `hy_portal_category` WHERE  `delete_time` = 0 ORDER BY list_order ASC [ RunTime:0.000240s ]
[ sql ] [ SQL ] SELECT * FROM `hy_portal_category` WHERE  `delete_time` = 0 [ RunTime:0.000238s ]
[ sql ] [ SQL ] SELECT `option_value` FROM `hy_option` WHERE  `option_name` = 'admin_settings' LIMIT 1 [ RunTime:0.000157s ]
